Microchip MPLAB XC8 Compiler V1.42 ()

Linker command line:

-W-3 --edf=/opt/microchip/xc8/v1.42/dat/en_msgs.txt -cs \
  -h+dist/C18_18F87K22/debug/davidnavarrosss.X.debug.sym \
  --cmf=dist/C18_18F87K22/debug/davidnavarrosss.X.debug.cmf -z -Q18F252 \
  -o/tmp/xcXJKWDoz -Mdist/C18_18F87K22/debug/davidnavarrosss.X.debug.map \
  -E1 -ver=XC8 -ASTACK=0C4h-05eeh -pstack=STACK \
  -ACODE=00h-03FFFh,04000h-07CFFh -ACONST=00h-07CFFh \
  -ASMALLCONST=0600h-06FFhx119 -AMEDIUMCONST=0600h-07CFFh -ACOMRAM=01h-07Fh \
  -AABS1=00h-05EEh -ABIGRAM=01h-05EEh \
  -ARAM=080h-0FFh,0100h-01FFhx4,0500h-05EEh -ABANK0=080h-0FFh \
  -ABANK1=0100h-01FFh -ABANK2=0200h-02FFh -ABANK3=0300h-03FFh \
  -ABANK4=0400h-04FFh -ABANK5=0500h-05EEh \
  -ASFR=0F80h-0F9Bh,0F9Dh-0FD3h,0FD5h-0FDAh,0FE0h-0FE2h,0FE8h-0FEAh,0FF0h-0FFBh \
  -preset_vec=00h,intcode=08h,intcodelo=018h,powerup,init -pramtop=0600h \
  -psmallconst=SMALLCONST -pmediumconst=MEDIUMCONST -pconst=CONST \
  -AFARRAM=00h-00h -ACONFIG=0300000h-030000Dh -pconfig=CONFIG \
  -AIDLOC=0200000h-0200007h -pidloc=IDLOC -AEEDATA=0F00000h-0F000FFh \
  -peeprom_data=EEDATA \
  -prdata=COMRAM,nvrram=COMRAM,nvbit=COMRAM,rbss=COMRAM,rbit=COMRAM \
  -pfarbss=FARRAM,fardata=FARRAM,nvFARRAM=FARRAM \
  -pintsave_regs=BIGRAM,bigbss=BIGRAM,bigdata=BIGRAM -pbss=RAM \
  -pidata=CODE,irdata=CODE,ibigdata=CODE,ifardata=CODE -prparam=COMRAM \
  /tmp/xcXVMD1VU.obj dist/C18_18F87K22/debug/davidnavarrosss.X.debug.obj 

Object code version is 3.11

Machine type is 18F252

Call graph: (short form)




                Name                               Link     Load   Length Selector   Space Scale
/tmp/xcXVMD1VU.obj
                text                                D6C      D6C        2        C       0
                init                                 AA       AA        4        C       0
                reset_vec                             0        0        6        0       0
                idloc                            200000   200000        8   200000       0
                config                           300000   300000        E   300000       0
dist/C18_18F87K22/debug/davidnavarrosss.X.debug.obj
                intcodelo                            18       18       92        C       0
                intcode                               8        8        8        4       0
                temp                                 21       21        1        1       1
                intcode_body                        C96      C96       7A        C       0
                text1                               D10      D10       32        C       0
                text0                                AE       AE      BE8        C       0
                cstackCOMRAM                          1        1       20        1       1
                cstackBANK0                          80       80       40       80       1
                dataBANK0                            C2       C2        2       80       1
                bssBANK0                             C0       C0        2       80       1
                cinit                               D42      D42       28        C       0
                idataBANK0                          D6A      D6A        2        C       0

TOTAL           Name                               Link     Load   Length     Space
        CLASS   STACK          

        CLASS   CODE           
                intcodelo                            18       18       92         0
                intcode                               8        8        8         0
                text                                D6C      D6C        2         0
                init                                 AA       AA        4         0
                reset_vec                             0        0        6         0
                intcode_body                        C96      C96       7A         0
                text1                               D10      D10       32         0
                text0                                AE       AE      BE8         0
                cinit                               D42      D42       28         0
                idataBANK0                          D6A      D6A        2         0

        CLASS   CONST          

        CLASS   SMALLCONST     

        CLASS   MEDIUMCONST    

        CLASS   COMRAM         
                temp                                 21       21        1         1
                cstackCOMRAM                          1        1       20         1

        CLASS   ABS1           

        CLASS   BIGRAM         

        CLASS   RAM            

        CLASS   BANK0          
                cstackBANK0                          80       80       40         1
                dataBANK0                            C2       C2        2         1
                bssBANK0                             C0       C0        2         1

        CLASS   BANK1          

        CLASS   BANK2          

        CLASS   BANK3          

        CLASS   BANK4          

        CLASS   BANK5          

        CLASS   SFR            

        CLASS   FARRAM         

        CLASS   CONFIG         
                config                           300000   300000        E         0

        CLASS   IDLOC          
                idloc                            200000   200000        8         0

        CLASS   EEDATA         



SEGMENTS        Name                           Load    Length   Top    Selector   Space  Class

                reset_vec                      000000  000006  000006         0       0  CODE    
                cstackCOMRAM                   000001  000021  000022         1       1  COMRAM  
                intcode                        000008  000008  000010         4       0  CODE    
                intcodelo                      000018  000D56  000D6E         C       0  CODE    
                cstackBANK0                    000080  000044  0000C4        80       1  BANK0   
                idloc                          200000  000008  200008    200000       0  IDLOC   
                config                         300000  00000E  30000E    300000       0  CONFIG  


UNUSED ADDRESS RANGES

        Name                Unused          Largest block    Delta
        BANK0            0000C4-0000FF               3C
        BANK1            000100-0001FF              100
        BANK2            000200-0002FF              100
        BANK3            000300-0003FF              100
        BANK4            000400-0004FF              100
        BANK5            000500-0005EE               EF
        BIGRAM           000022-00007F               5E
                         0000C4-0005EE              52B
        CODE             000006-000007                2
                         000010-000017                8
                         000D6E-007CFF             3292
        COMRAM           000022-00007F               5E
        CONST            000006-000007                2
                         000010-000017                8
                         000D6E-007CFF             6F92
        EEDATA           F00000-F000FF              100
        MEDIUMCONST      000D6E-007CFF             6F92
        RAM              0000C4-0005EE              100
        SFR              000F80-000F9B               1C
                         000F9D-000FD3               37
                         000FD5-000FDA                6
                         000FE0-000FE2                3
                         000FE8-000FEA                3
                         000FF0-000FFB                C
        SMALLCONST       000D6E-007CFF              100
        STACK            0000C4-0005EE              52B

                                  Symbol Table

_ADCON1bits                                                        (abs)        000FC1
_InitApp                                                           text1        000D10
_LATA                                                              (abs)        000F89
_LATB                                                              (abs)        000F8A
_LATC                                                              (abs)        000F8B
_LATCbits                                                          (abs)        000F8B
_PORTA                                                             (abs)        000F80
_PORTB                                                             (abs)        000F81
_PORTC                                                             (abs)        000F82
_PORTCbits                                                         (abs)        000F82
_TRISA                                                             (abs)        000F92
_TRISB                                                             (abs)        000F93
_TRISC                                                             (abs)        000F94
__CFG_BOR$OFF                                                      (abs)        000000
__CFG_BORV$20                                                      (abs)        000000
__CFG_CCP2MUX$OFF                                                  (abs)        000000
__CFG_CP0$OFF                                                      (abs)        000000
__CFG_CP1$OFF                                                      (abs)        000000
__CFG_CP2$OFF                                                      (abs)        000000
__CFG_CP3$OFF                                                      (abs)        000000
__CFG_CPB$OFF                                                      (abs)        000000
__CFG_CPD$OFF                                                      (abs)        000000
__CFG_EBTR0$OFF                                                    (abs)        000000
__CFG_EBTR1$OFF                                                    (abs)        000000
__CFG_EBTR2$OFF                                                    (abs)        000000
__CFG_EBTR3$OFF                                                    (abs)        000000
__CFG_EBTRB$OFF                                                    (abs)        000000
__CFG_LVP$OFF                                                      (abs)        000000
__CFG_OSC$HS                                                       (abs)        000000
__CFG_OSCS$OFF                                                     (abs)        000000
__CFG_PWRT$OFF                                                     (abs)        000000
__CFG_STVR$OFF                                                     (abs)        000000
__CFG_WDT$OFF                                                      (abs)        000000
__CFG_WDTPS$128                                                    (abs)        000000
__CFG_WRT0$OFF                                                     (abs)        000000
__CFG_WRT1$OFF                                                     (abs)        000000
__CFG_WRT2$OFF                                                     (abs)        000000
__CFG_WRT3$OFF                                                     (abs)        000000
__CFG_WRTB$OFF                                                     (abs)        000000
__CFG_WRTC$OFF                                                     (abs)        000000
__CFG_WRTD$OFF                                                     (abs)        000000
__HRAM                                                             (abs)        000000
__Habs1                                                            abs1         000000
__Hbank0                                                           bank0        000000
__Hbank1                                                           bank1        000000
__Hbank2                                                           bank2        000000
__Hbank3                                                           bank3        000000
__Hbank4                                                           bank4        000000
__Hbank5                                                           bank5        000000
__Hbigbss                                                          bigbss       000000
__Hbigdata                                                         bigdata      000000
__Hbigram                                                          bigram       000000
__Hbss                                                             bss          000000
__HbssBANK0                                                        bssBANK0     000000
__Hcinit                                                           cinit        000000
__Hclrtext                                                         clrtext      000000
__Hcomram                                                          comram       000000
__Hconfig                                                          config       30000E
__Hconst                                                           const        000000
__HcstackBANK0                                                     cstackBANK0  000000
__HcstackCOMRAM                                                    cstackCOMRAM 000000
__Hdata                                                            data         000000
__HdataBANK0                                                       dataBANK0    000000
__Heeprom_data                                                     eeprom_data  000000
__Hfarbss                                                          farbss       000000
__Hfardata                                                         fardata      000000
__Hibigdata                                                        ibigdata     000000
__Hidata                                                           idata        000000
__HidataBANK0                                                      idataBANK0   000000
__Hidloc                                                           idloc        200008
__Hifardata                                                        ifardata     000000
__Hinit                                                            init         0000AE
__Hintcode                                                         intcode      000010
__Hintcode_body                                                    intcode_body 000000
__Hintcodelo                                                       intcodelo    0000AA
__Hintentry                                                        intentry     000000
__Hintret                                                          intret       000000
__Hintsave_regs                                                    intsave_regs 000000
__Hirdata                                                          irdata       000000
__Hmediumconst                                                     mediumconst  000000
__HnvFARRAM                                                        nvFARRAM     000000
__Hnvbit                                                           nvbit        000000
__Hnvrram                                                          nvrram       000000
__Hparam                                                           rparam       000000
__Hpowerup                                                         powerup      0000AA
__Hram                                                             ram          000000
__Hramtop                                                          ramtop       000600
__Hrbit                                                            rbit         000000
__Hrbss                                                            rbss         000000
__Hrdata                                                           rdata        000000
__Hreset_vec                                                       reset_vec    000006
__Hrparam                                                          rparam       000000
__Hsfr                                                             sfr          000000
__Hsmallconst                                                      smallconst   000000
__Hspace_0                                                         (abs)        30000E
__Hspace_1                                                         (abs)        0000C4
__Hspace_2                                                         (abs)        000000
__Hstack                                                           stack        000000
__Hstruct                                                          struct       000000
__Htemp                                                            temp         000022
__Htext                                                            text         000000
__Htext0                                                           text0        000000
__Htext1                                                           text1        000000
__LRAM                                                             (abs)        000001
__Labs1                                                            abs1         000000
__Lbank0                                                           bank0        000000
__Lbank1                                                           bank1        000000
__Lbank2                                                           bank2        000000
__Lbank3                                                           bank3        000000
__Lbank4                                                           bank4        000000
__Lbank5                                                           bank5        000000
__Lbigbss                                                          bigbss       000000
__Lbigdata                                                         bigdata      000000
__Lbigram                                                          bigram       000000
__Lbss                                                             bss          000000
__LbssBANK0                                                        bssBANK0     000000
__Lcinit                                                           cinit        000000
__Lclrtext                                                         clrtext      000000
__Lcomram                                                          comram       000000
__Lconfig                                                          config       300000
__Lconst                                                           const        000000
__LcstackBANK0                                                     cstackBANK0  000000
__LcstackCOMRAM                                                    cstackCOMRAM 000000
__Ldata                                                            data         000000
__LdataBANK0                                                       dataBANK0    000000
__Leeprom_data                                                     eeprom_data  000000
__Lfarbss                                                          farbss       000000
__Lfardata                                                         fardata      000000
__Libigdata                                                        ibigdata     000000
__Lidata                                                           idata        000000
__LidataBANK0                                                      idataBANK0   000000
__Lidloc                                                           idloc        200000
__Lifardata                                                        ifardata     000000
__Linit                                                            init         0000AA
__Lintcode                                                         intcode      000008
__Lintcode_body                                                    intcode_body 000000
__Lintcodelo                                                       intcodelo    000018
__Lintentry                                                        intentry     000000
__Lintret                                                          intret       000000
__Lintsave_regs                                                    intsave_regs 000000
__Lirdata                                                          irdata       000000
__Lmediumconst                                                     mediumconst  000000
__LnvFARRAM                                                        nvFARRAM     000000
__Lnvbit                                                           nvbit        000000
__Lnvrram                                                          nvrram       000000
__Lparam                                                           rparam       000000
__Lpowerup                                                         powerup      0000AA
__Lram                                                             ram          000000
__Lramtop                                                          ramtop       000600
__Lrbit                                                            rbit         000000
__Lrbss                                                            rbss         000000
__Lrdata                                                           rdata        000000
__Lreset_vec                                                       reset_vec    000000
__Lrparam                                                          rparam       000000
__Lsfr                                                             sfr          000000
__Lsmallconst                                                      smallconst   000000
__Lspace_0                                                         (abs)        000000
__Lspace_1                                                         (abs)        000000
__Lspace_2                                                         (abs)        000000
__Lstack                                                           stack        000000
__Lstruct                                                          struct       000000
__Ltemp                                                            temp         000021
__Ltext                                                            text         000000
__Ltext0                                                           text0        000000
__Ltext1                                                           text1        000000
__S0                                                               (abs)        30000E
__S1                                                               (abs)        0000C4
__S2                                                               (abs)        000000
___inthi_sp                                                        stack        000000
___intlo_sp                                                        stack        000000
___param_bank                                                      (abs)        000000
___rparam_used                                                     (abs)        000001
___sp                                                              stack        000000
__accesstop                                                        (abs)        000080
__activetblptr                                                     (abs)        000000
__cntErrataNOP_/tmp/xcXVMD1VU.obj                                  (abs)        000001
__cntErrataNOP_dist/C18_18F87K22/debug/davidnavarrosss.X.debug.obj (abs)        000049
__end_of_InitApp                                                   text1        000D42
__end_of__initialization                                           cinit        000D60
__end_of_high_isr                                                  intcode_body 000D0E
__end_of_low_isr                                                   intcodelo    0000AA
__end_of_main                                                      text0        000C96
__initialization                                                   cinit        000D42
__mediumconst                                                      mediumconst  000000
__pbssBANK0                                                        bssBANK0     0000C0
__pcinit                                                           cinit        000D42
__pcstackBANK0                                                     cstackBANK0  000080
__pcstackCOMRAM                                                    cstackCOMRAM 000001
__pdataBANK0                                                       dataBANK0    0000C2
__pidataBANK0                                                      idataBANK0   000D6A
__pintcode                                                         intcode      000008
__pintcode_body                                                    intcode_body 000C96
__pintcodelo                                                       intcodelo    000018
__ptext0                                                           text0        0000AE
__ptext1                                                           text1        000D10
__ramtop                                                           ramtop       000600
__size_of_InitApp                                                  (abs)        000000
__size_of_high_isr                                                 (abs)        000000
__size_of_low_isr                                                  (abs)        000000
__size_of_main                                                     (abs)        000000
__smallconst                                                       smallconst   000000
_comp                                                              bssBANK0     0000C0
_high_isr                                                          intcode      000008
_low_isr                                                           intcodelo    000018
_main                                                              text0        0000AE
_sum                                                               dataBANK0    0000C2
btemp                                                              temp         000021
end_of_initialization                                              cinit        000D60
int$flags                                                          temp         000021
int_func                                                           intcode_body 000C96
intlevel0                                                          text         000D6C
intlevel1                                                          text         000D6C
intlevel2                                                          text         000D6C
intlevel3                                                          text         000D6C
main@a                                                             cstackBANK0  000080
main@a_175                                                         cstackBANK0  000084
main@a_176                                                         cstackBANK0  000088
main@a_177                                                         cstackBANK0  00008C
main@a_178                                                         cstackBANK0  000090
main@a_179                                                         cstackBANK0  000094
main@a_180                                                         cstackBANK0  000098
main@a_181                                                         cstackBANK0  00009C
main@a_182                                                         cstackBANK0  0000A0
main@a_183                                                         cstackBANK0  0000A4
main@a_184                                                         cstackBANK0  0000A8
main@a_185                                                         cstackBANK0  0000AC
main@a_186                                                         cstackBANK0  0000B0
main@a_187                                                         cstackBANK0  0000B4
main@a_188                                                         cstackBANK0  0000B8
main@a_189                                                         cstackBANK0  0000BC
stackhi                                                            (abs)        0005EE
stacklo                                                            (abs)        0000C4
start                                                              init         0000AA
start_initialization                                               cinit        000D42


FUNCTION INFORMATION:

 *************** function _main *****************
 Defined at:
		line 42 in file "main.c"
 Parameters:    Size  Location     Type
		None
 Auto vars:     Size  Location     Type
  a               4   60[BANK0 ] long 
  a               4   56[BANK0 ] long 
  a               4   52[BANK0 ] long 
  a               4   48[BANK0 ] long 
  a               4   44[BANK0 ] long 
  a               4   40[BANK0 ] long 
  a               4   36[BANK0 ] long 
  a               4   32[BANK0 ] long 
  a               4   28[BANK0 ] long 
  a               4   24[BANK0 ] long 
  a               4   20[BANK0 ] long 
  a               4   16[BANK0 ] long 
  a               4   12[BANK0 ] long 
  a               4    8[BANK0 ] long 
  a               4    4[BANK0 ] long 
  a               4    0[BANK0 ] long 
 Return value:  Size  Location     Type
                  1    wreg      void 
 Registers used:
		wreg, status,2, status,0, cstack
 Tracked objects:
		On entry : 
		On exit  : 
		Unchanged: 
 Data sizes:     COMRAM   BANK0   BANK1   BANK2   BANK3   BANK4   BANK5
      Params:         0       0       0       0       0       0       0
      Locals:         0      64       0       0       0       0       0
      Temps:          1       0       0       0       0       0       0
      Totals:         1      64       0       0       0       0       0
Total ram usage:       65 bytes
 Hardware stack levels required when called:    3
 This function calls:
		_InitApp
 This function is called by:
		Startup code after reset
 This function uses a non-reentrant model


 *************** function _InitApp *****************
 Defined at:
		line 28 in file "user.c"
 Parameters:    Size  Location     Type
		None
 Auto vars:     Size  Location     Type
		None
 Return value:  Size  Location     Type
                  1    wreg      void 
 Registers used:
		wreg, status,2
 Tracked objects:
		On entry : 
		On exit  : 
		Unchanged: 
 Data sizes:     COMRAM   BANK0   BANK1   BANK2   BANK3   BANK4   BANK5
      Params:         0       0       0       0       0       0       0
      Locals:         0       0       0       0       0       0       0
      Temps:          0       0       0       0       0       0       0
      Totals:         0       0       0       0       0       0       0
Total ram usage:        0 bytes
 Hardware stack levels used:    1
 Hardware stack levels required when called:    2
 This function calls:
		Nothing
 This function is called by:
		_main
 This function uses a non-reentrant model


 *************** function _low_isr *****************
 Defined at:
		line 67 in file "interrupts.c"
 Parameters:    Size  Location     Type
		None
 Auto vars:     Size  Location     Type
		None
 Return value:  Size  Location     Type
                  1    wreg      void 
 Registers used:
		None
 Tracked objects:
		On entry : 
		On exit  : 
		Unchanged: 
 Data sizes:     COMRAM   BANK0   BANK1   BANK2   BANK3   BANK4   BANK5
      Params:         0       0       0       0       0       0       0
      Locals:         0       0       0       0       0       0       0
      Temps:         17       0       0       0       0       0       0
      Totals:        17       0       0       0       0       0       0
Total ram usage:       17 bytes
 Hardware stack levels used:    1
 Hardware stack levels required when called:    1
 This function calls:
		Nothing
 This function is called by:
		Interrupt level 1
 This function uses a non-reentrant model


 *************** function _high_isr *****************
 Defined at:
		line 27 in file "interrupts.c"
 Parameters:    Size  Location     Type
		None
 Auto vars:     Size  Location     Type
		None
 Return value:  Size  Location     Type
                  1    wreg      void 
 Registers used:
		None
 Tracked objects:
		On entry : 
		On exit  : 
		Unchanged: 
 Data sizes:     COMRAM   BANK0   BANK1   BANK2   BANK3   BANK4   BANK5
      Params:         0       0       0       0       0       0       0
      Locals:         0       0       0       0       0       0       0
      Temps:         14       0       0       0       0       0       0
      Totals:        14       0       0       0       0       0       0
Total ram usage:       14 bytes
 Hardware stack levels used:    1
 This function calls:
		Nothing
 This function is called by:
		Interrupt level 2
 This function uses a non-reentrant model



MODULE INFORMATION

Module		Function		Class		Link	Load	Size
interrupts.c
		_high_isr      		CODE           	0008	0000	129
		_low_isr       		CODE           	0018	0000	147

interrupts.c estimated size: 276

shared
		__initialization		CODE           	0D42	0000	31

shared estimated size: 31

user.c
		_InitApp       		CODE           	0D10	0000	51

user.c estimated size: 51

main.c
		_main          		CODE           	00AE	0000	3049

main.c estimated size: 3049

