Microchip MPLAB XC8 Compiler V1.42 ()

Linker command line:

-W-3 --edf=C:\Program Files\Microchip\xc8\v1.42\dat\en_msgs.txt -cs \
  -h+dist/C18_18F87K22/production\PRACTICAVII.X.production.sym \
  --cmf=dist/C18_18F87K22/production\PRACTICAVII.X.production.cmf -z \
  -Q18F252 -oC:\Users\david\AppData\Local\Temp\s4bk.2 \
  -Mdist/C18_18F87K22/production/PRACTICAVII.X.production.map -E1 -ver=XC8 \
  -ASTACK=0FBh-05ffh -pstack=STACK -ACODE=00h-03FFFhx2 -ACONST=00h-07FFFh \
  -ASMALLCONST=0600h-06FFhx122 -AMEDIUMCONST=0600h-07FFFh -ACOMRAM=01h-07Fh \
  -AABS1=00h-05FFh -ABIGRAM=01h-05FFh -ARAM=080h-0FFh,0100h-01FFhx5 \
  -ABANK0=080h-0FFh -ABANK1=0100h-01FFh -ABANK2=0200h-02FFh \
  -ABANK3=0300h-03FFh -ABANK4=0400h-04FFh -ABANK5=0500h-05FFh \
  -ASFR=0F80h-0FFFh -preset_vec=00h,intcode=08h,intcodelo=018h,powerup,init \
  -pramtop=0600h -psmallconst=SMALLCONST -pmediumconst=MEDIUMCONST \
  -pconst=CONST -AFARRAM=00h-00h -ACONFIG=0300000h-030000Dh -pconfig=CONFIG \
  -AIDLOC=0200000h-0200007h -pidloc=IDLOC -AEEDATA=0F00000h-0F000FFh \
  -peeprom_data=EEDATA \
  -prdata=COMRAM,nvrram=COMRAM,nvbit=COMRAM,rbss=COMRAM,rbit=COMRAM \
  -pfarbss=FARRAM,fardata=FARRAM,nvFARRAM=FARRAM \
  -pintsave_regs=BIGRAM,bigbss=BIGRAM,bigdata=BIGRAM -pbss=RAM \
  -pidata=CODE,irdata=CODE,ibigdata=CODE,ifardata=CODE -prparam=COMRAM \
  C:\Users\david\AppData\Local\Temp\s4bk.obj \
  dist/C18_18F87K22/production\PRACTICAVII.X.production.obj 

Object code version is 3.11

Machine type is 18F252

Call graph: (short form)




                Name                               Link     Load   Length Selector   Space Scale
C:\Users\david\AppData\Local\Temp\s4bk.obj
                text                               2464     2464        2      321       0
                init                                 AA       AA        4        C       0
                reset_vec                             0        0        6        0       0
                idloc                            200000   200000        8   200000       0
                config                           300000   300000        E   300000       0
dist/C18_18F87K22/production\PRACTICAVII.X.production.obj
                intcodelo                            18       18       92        C       0
                intcode                               8        8        8        4       0
                temp                                 60       60        1        1       1
                smallconst                          600      600       42      300       0
                intcode_body                       1FDE     1FDE       F4      321       0
                text14                             245C     245C        6      321       0
                text13                             20D2     20D2       98      321       0
                text12                             224E     224E       6C      321       0
                text11                             21DE     21DE       70      321       0
                text10                             1E38     1E38      1A6      321       0
                text9                              22BA     22BA       5A      321       0
                text8                              2352     2352       3E      321       0
                text7                              216A     216A       74      321       0
                text6                              241E     241E       24      321       0
                text5                              2390     2390       3C      321       0
                text4                              23FA     23FA       24      321       0
                text3                              23CC     23CC       2E      321       0
                text2                              2442     2442       1A      321       0
                text1                              1BD0     1BD0      268      321       0
                text0                               642      642     158E      321       0
                cstackCOMRAM                         3B       3B       23        1       1
                cstackBANK0                          DE       DE       1D       80       1
                bssBANK0                             80       80       5E       80       1
                dataCOMRAM                           5E       5E        2        1       1
                bssCOMRAM                             1        1       3A        1       1
                cinit                              2314     2314       3E      321       0
                idataCOMRAM                        2462     2462        2      321       0

TOTAL           Name                               Link     Load   Length     Space
        CLASS   STACK          

        CLASS   CODE           
                intcodelo                            18       18       92         0
                intcode                               8        8        8         0
                text                               2464     2464        2         0
                init                                 AA       AA        4         0
                reset_vec                             0        0        6         0
                intcode_body                       1FDE     1FDE       F4         0
                text14                             245C     245C        6         0
                text13                             20D2     20D2       98         0
                text12                             224E     224E       6C         0
                text11                             21DE     21DE       70         0
                text10                             1E38     1E38      1A6         0
                text9                              22BA     22BA       5A         0
                text8                              2352     2352       3E         0
                text7                              216A     216A       74         0
                text6                              241E     241E       24         0
                text5                              2390     2390       3C         0
                text4                              23FA     23FA       24         0
                text3                              23CC     23CC       2E         0
                text2                              2442     2442       1A         0
                text1                              1BD0     1BD0      268         0
                text0                               642      642     158E         0
                cinit                              2314     2314       3E         0
                idataCOMRAM                        2462     2462        2         0

        CLASS   CONST          

        CLASS   SMALLCONST     
                smallconst                          600      600       42         0

        CLASS   MEDIUMCONST    

        CLASS   COMRAM         
                temp                                 60       60        1         1
                cstackCOMRAM                         3B       3B       23         1
                dataCOMRAM                           5E       5E        2         1
                bssCOMRAM                             1        1       3A         1

        CLASS   ABS1           

        CLASS   BIGRAM         

        CLASS   RAM            

        CLASS   BANK0          
                cstackBANK0                          DE       DE       1D         1
                bssBANK0                             80       80       5E         1

        CLASS   BANK1          

        CLASS   BANK2          

        CLASS   BANK3          

        CLASS   BANK4          

        CLASS   BANK5          

        CLASS   SFR            

        CLASS   FARRAM         

        CLASS   CONFIG         
                config                           300000   300000        E         0

        CLASS   IDLOC          
                idloc                            200000   200000        8         0

        CLASS   EEDATA         



SEGMENTS        Name                           Load    Length   Top    Selector   Space  Class

                reset_vec                      000000  000006  000006         0       0  CODE    
                bssCOMRAM                      000001  000060  000061         1       1  COMRAM  
                intcode                        000008  000008  000010         4       0  CODE    
                intcodelo                      000018  000096  0000AE         C       0  CODE    
                bssBANK0                       000080  00007B  0000FB        80       1  BANK0   
                smallconst                     000600  000042  000642       300       0  SMALLCON
                text0                          000642  001E24  002466       321       0  CODE    
                idloc                          200000  000008  200008    200000       0  IDLOC   
                config                         300000  00000E  30000E    300000       0  CONFIG  


UNUSED ADDRESS RANGES

        Name                Unused          Largest block    Delta
        BANK0            0000FB-0000FF                5
        BANK1            000100-0001FF              100
        BANK2            000200-0002FF              100
        BANK3            000300-0003FF              100
        BANK4            000400-0004FF              100
        BANK5            000500-0005FF              100
        BIGRAM           000061-00007F               1F
                         0000FB-0005FF              505
        CODE             000006-000007                2
                         000010-000017                8
                         0000AE-0005FF              552
                         002466-007FFF             1B9A
        COMRAM           000061-00007F               1F
        CONST            000006-000007                2
                         000010-000017                8
                         0000AE-0005FF              552
                         002466-007FFF             5B9A
        EEDATA           F00000-F000FF              100
        MEDIUMCONST      002466-007FFF             5B9A
        RAM              0000FB-0005FF              100
        SFR              000F80-000FFF               80
        SMALLCONST       002466-007FFF              100
        STACK            0000FB-0005FF              505

                                  Symbol Table

?___lmul                                                                 cstackBANK0  0000DE
?___lwdiv                                                                cstackCOMRAM 00005A
?___lwmod                                                                cstackBANK0  0000E1
?_sprintf                                                                cstackBANK0  0000E6
?_strcmp                                                                 cstackCOMRAM 00005A
?_strtol                                                                 cstackBANK0  0000E6
_ADCON1bits                                                              (abs)        000FC1
_ConfigureOscillator                                                     text14       00245C
_INTCON2bits                                                             (abs)        000FF1
_INTCONbits                                                              (abs)        000FF2
_IPR1bits                                                                (abs)        000F9F
_IPR2bits                                                                (abs)        000FA2
_InitApp                                                                 text13       0020D2
_LATBbits                                                                (abs)        000F8A
_PIE1bits                                                                (abs)        000F9D
_PIE2bits                                                                (abs)        000FA0
_PIR1bits                                                                (abs)        000F9E
_PIR2bits                                                                (abs)        000FA1
_PORTA                                                                   (abs)        000F80
_PORTB                                                                   (abs)        000F81
_PORTBbits                                                               (abs)        000F81
_PORTC                                                                   (abs)        000F82
_RCONbits                                                                (abs)        000FD0
_RCREG                                                                   (abs)        000FAE
_RCSTAbits                                                               (abs)        000FAB
_SPBRG                                                                   (abs)        000FAF
_T0CONbits                                                               (abs)        000FD5
_T1CONbits                                                               (abs)        000FCD
_T3CONbits                                                               (abs)        000FB1
_TMR0                                                                    (abs)        000FD6
_TMR1                                                                    (abs)        000FCE
_TMR3                                                                    (abs)        000FB2
_TRISA                                                                   (abs)        000F92
_TRISBbits                                                               (abs)        000F93
_TRISC                                                                   (abs)        000F94
_TRISCbits                                                               (abs)        000F94
_TXREG                                                                   (abs)        000FAD
_TXSTAbits                                                               (abs)        000FAC
__CFG_BOR$OFF                                                            (abs)        000000
__CFG_BORV$45                                                            (abs)        000000
__CFG_CCP2MUX$OFF                                                        (abs)        000000
__CFG_CP0$OFF                                                            (abs)        000000
__CFG_CP1$OFF                                                            (abs)        000000
__CFG_CP2$OFF                                                            (abs)        000000
__CFG_CP3$OFF                                                            (abs)        000000
__CFG_CPB$OFF                                                            (abs)        000000
__CFG_CPD$OFF                                                            (abs)        000000
__CFG_EBTR0$OFF                                                          (abs)        000000
__CFG_EBTR1$OFF                                                          (abs)        000000
__CFG_EBTR2$OFF                                                          (abs)        000000
__CFG_EBTR3$OFF                                                          (abs)        000000
__CFG_EBTRB$OFF                                                          (abs)        000000
__CFG_LVP$OFF                                                            (abs)        000000
__CFG_OSC$HS                                                             (abs)        000000
__CFG_OSCS$OFF                                                           (abs)        000000
__CFG_PWRT$OFF                                                           (abs)        000000
__CFG_STVR$OFF                                                           (abs)        000000
__CFG_WDT$OFF                                                            (abs)        000000
__CFG_WDTPS$1                                                            (abs)        000000
__CFG_WRT0$OFF                                                           (abs)        000000
__CFG_WRT1$OFF                                                           (abs)        000000
__CFG_WRT2$OFF                                                           (abs)        000000
__CFG_WRT3$OFF                                                           (abs)        000000
__CFG_WRTB$OFF                                                           (abs)        000000
__CFG_WRTC$OFF                                                           (abs)        000000
__CFG_WRTD$OFF                                                           (abs)        000000
__HRAM                                                                   (abs)        000000
__Habs1                                                                  abs1         000000
__Hbank0                                                                 bank0        000000
__Hbank1                                                                 bank1        000000
__Hbank2                                                                 bank2        000000
__Hbank3                                                                 bank3        000000
__Hbank4                                                                 bank4        000000
__Hbank5                                                                 bank5        000000
__Hbigbss                                                                bigbss       000000
__Hbigdata                                                               bigdata      000000
__Hbigram                                                                bigram       000000
__Hbss                                                                   bss          000000
__HbssBANK0                                                              bssBANK0     000000
__HbssCOMRAM                                                             bssCOMRAM    000000
__Hcinit                                                                 cinit        000000
__Hclrtext                                                               clrtext      000000
__Hcomram                                                                comram       000000
__Hconfig                                                                config       30000E
__Hconst                                                                 const        000000
__HcstackBANK0                                                           cstackBANK0  000000
__HcstackCOMRAM                                                          cstackCOMRAM 000000
__Hdata                                                                  data         000000
__HdataCOMRAM                                                            dataCOMRAM   000000
__Heeprom_data                                                           eeprom_data  000000
__Hfarbss                                                                farbss       000000
__Hfardata                                                               fardata      000000
__Hibigdata                                                              ibigdata     000000
__Hidata                                                                 idata        000000
__HidataCOMRAM                                                           idataCOMRAM  000000
__Hidloc                                                                 idloc        200008
__Hifardata                                                              ifardata     000000
__Hinit                                                                  init         0000AE
__Hintcode                                                               intcode      000010
__Hintcode_body                                                          intcode_body 000000
__Hintcodelo                                                             intcodelo    0000AA
__Hintentry                                                              intentry     000000
__Hintret                                                                intret       000000
__Hintsave_regs                                                          intsave_regs 000000
__Hirdata                                                                irdata       000000
__Hmediumconst                                                           mediumconst  000000
__HnvFARRAM                                                              nvFARRAM     000000
__Hnvbit                                                                 nvbit        000000
__Hnvrram                                                                nvrram       000000
__Hparam                                                                 rparam       000000
__Hpowerup                                                               powerup      0000AA
__Hram                                                                   ram          000000
__Hramtop                                                                ramtop       000600
__Hrbit                                                                  rbit         000000
__Hrbss                                                                  rbss         000000
__Hrdata                                                                 rdata        000000
__Hreset_vec                                                             reset_vec    000006
__Hrparam                                                                rparam       000000
__Hsfr                                                                   sfr          000000
__Hsmallconst                                                            smallconst   000642
__Hspace_0                                                               (abs)        30000E
__Hspace_1                                                               (abs)        0000FB
__Hspace_2                                                               (abs)        000000
__Hstack                                                                 stack        000000
__Hstruct                                                                struct       000000
__Htemp                                                                  temp         000061
__Htext                                                                  text         000000
__Htext0                                                                 text0        000000
__Htext1                                                                 text1        000000
__Htext10                                                                text10       000000
__Htext11                                                                text11       000000
__Htext12                                                                text12       000000
__Htext13                                                                text13       000000
__Htext14                                                                text14       000000
__Htext2                                                                 text2        000000
__Htext3                                                                 text3        000000
__Htext4                                                                 text4        000000
__Htext5                                                                 text5        000000
__Htext6                                                                 text6        000000
__Htext7                                                                 text7        000000
__Htext8                                                                 text8        000000
__Htext9                                                                 text9        000000
__LRAM                                                                   (abs)        000001
__Labs1                                                                  abs1         000000
__Lbank0                                                                 bank0        000000
__Lbank1                                                                 bank1        000000
__Lbank2                                                                 bank2        000000
__Lbank3                                                                 bank3        000000
__Lbank4                                                                 bank4        000000
__Lbank5                                                                 bank5        000000
__Lbigbss                                                                bigbss       000000
__Lbigdata                                                               bigdata      000000
__Lbigram                                                                bigram       000000
__Lbss                                                                   bss          000000
__LbssBANK0                                                              bssBANK0     000000
__LbssCOMRAM                                                             bssCOMRAM    000000
__Lcinit                                                                 cinit        000000
__Lclrtext                                                               clrtext      000000
__Lcomram                                                                comram       000000
__Lconfig                                                                config       300000
__Lconst                                                                 const        000000
__LcstackBANK0                                                           cstackBANK0  000000
__LcstackCOMRAM                                                          cstackCOMRAM 000000
__Ldata                                                                  data         000000
__LdataCOMRAM                                                            dataCOMRAM   000000
__Leeprom_data                                                           eeprom_data  000000
__Lfarbss                                                                farbss       000000
__Lfardata                                                               fardata      000000
__Libigdata                                                              ibigdata     000000
__Lidata                                                                 idata        000000
__LidataCOMRAM                                                           idataCOMRAM  000000
__Lidloc                                                                 idloc        200000
__Lifardata                                                              ifardata     000000
__Linit                                                                  init         0000AA
__Lintcode                                                               intcode      000008
__Lintcode_body                                                          intcode_body 000000
__Lintcodelo                                                             intcodelo    000018
__Lintentry                                                              intentry     000000
__Lintret                                                                intret       000000
__Lintsave_regs                                                          intsave_regs 000000
__Lirdata                                                                irdata       000000
__Lmediumconst                                                           mediumconst  000000
__LnvFARRAM                                                              nvFARRAM     000000
__Lnvbit                                                                 nvbit        000000
__Lnvrram                                                                nvrram       000000
__Lparam                                                                 rparam       000000
__Lpowerup                                                               powerup      0000AA
__Lram                                                                   ram          000000
__Lramtop                                                                ramtop       000600
__Lrbit                                                                  rbit         000000
__Lrbss                                                                  rbss         000000
__Lrdata                                                                 rdata        000000
__Lreset_vec                                                             reset_vec    000000
__Lrparam                                                                rparam       000000
__Lsfr                                                                   sfr          000000
__Lsmallconst                                                            smallconst   000600
__Lspace_0                                                               (abs)        000000
__Lspace_1                                                               (abs)        000000
__Lspace_2                                                               (abs)        000000
__Lstack                                                                 stack        000000
__Lstruct                                                                struct       000000
__Ltemp                                                                  temp         000060
__Ltext                                                                  text         000000
__Ltext0                                                                 text0        000000
__Ltext1                                                                 text1        000000
__Ltext10                                                                text10       000000
__Ltext11                                                                text11       000000
__Ltext12                                                                text12       000000
__Ltext13                                                                text13       000000
__Ltext14                                                                text14       000000
__Ltext2                                                                 text2        000000
__Ltext3                                                                 text3        000000
__Ltext4                                                                 text4        000000
__Ltext5                                                                 text5        000000
__Ltext6                                                                 text6        000000
__Ltext7                                                                 text7        000000
__Ltext8                                                                 text8        000000
__Ltext9                                                                 text9        000000
__S0                                                                     (abs)        30000E
__S1                                                                     (abs)        0000FB
__S2                                                                     (abs)        000000
___inthi_sp                                                              stack        000000
___intlo_sp                                                              stack        000000
___lmul                                                                  text7        00216A
___lmul@multiplicand                                                     cstackBANK0  0000E2
___lmul@multiplier                                                       cstackBANK0  0000DE
___lmul@product                                                          cstackCOMRAM 00005A
___lwdiv                                                                 text12       00224E
___lwdiv@counter                                                         cstackBANK0  0000DE
___lwdiv@dividend                                                        cstackCOMRAM 00005A
___lwdiv@divisor                                                         cstackCOMRAM 00005C
___lwdiv@quotient                                                        cstackBANK0  0000DF
___lwmod                                                                 text11       0021DE
___lwmod@counter                                                         cstackBANK0  0000E5
___lwmod@dividend                                                        cstackBANK0  0000E1
___lwmod@divisor                                                         cstackBANK0  0000E3
___param_bank                                                            (abs)        000000
___rparam_used                                                           (abs)        000001
___sp                                                                    stack        000000
__accesstop                                                              (abs)        000080
__activetblptr                                                           (abs)        000002
__cntErrataNOP_C:\Users\david\AppData\Local\Temp\s4bk.obj                (abs)        000001
__cntErrataNOP_dist/C18_18F87K22/production\PRACTICAVII.X.production.obj (abs)        0000B1
__end_of_ConfigureOscillator                                             text14       002462
__end_of_InitApp                                                         text13       00216A
__end_of___lmul                                                          text7        0021DE
__end_of___lwdiv                                                         text12       0022BA
__end_of___lwmod                                                         text11       00224E
__end_of__initialization                                                 cinit        002344
__end_of_dpowers                                                         smallconst   00060B
__end_of_high_isr                                                        intcode_body 0020D2
__end_of_isalpha                                                         text5        0023CC
__end_of_isdigit                                                         text4        00241E
__end_of_isspace                                                         text3        0023FA
__end_of_isupper                                                         text6        002442
__end_of_low_isr                                                         intcodelo    0000AA
__end_of_main                                                            text0        001BD0
__end_of_sprintf                                                         text10       001FDE
__end_of_strcmp                                                          text9        002314
__end_of_strcpy                                                          text8        002390
__end_of_strtol                                                          text1        001E38
__end_of_toupper                                                         text2        00245C
__initialization                                                         cinit        002314
__mediumconst                                                            mediumconst  000000
__pbssBANK0                                                              bssBANK0     000080
__pbssCOMRAM                                                             bssCOMRAM    000001
__pcinit                                                                 cinit        002314
__pcstackBANK0                                                           cstackBANK0  0000DE
__pcstackCOMRAM                                                          cstackCOMRAM 00003B
__pdataCOMRAM                                                            dataCOMRAM   00005E
__pidataCOMRAM                                                           idataCOMRAM  002462
__pintcode                                                               intcode      000008
__pintcode_body                                                          intcode_body 001FDE
__pintcodelo                                                             intcodelo    000018
__psmallconst                                                            smallconst   000600
__ptext0                                                                 text0        000642
__ptext1                                                                 text1        001BD0
__ptext10                                                                text10       001E38
__ptext11                                                                text11       0021DE
__ptext12                                                                text12       00224E
__ptext13                                                                text13       0020D2
__ptext14                                                                text14       00245C
__ptext2                                                                 text2        002442
__ptext3                                                                 text3        0023CC
__ptext4                                                                 text4        0023FA
__ptext5                                                                 text5        002390
__ptext6                                                                 text6        00241E
__ptext7                                                                 text7        00216A
__ptext8                                                                 text8        002352
__ptext9                                                                 text9        0022BA
__ramtop                                                                 ramtop       000600
__size_of_ConfigureOscillator                                            (abs)        000000
__size_of_InitApp                                                        (abs)        000000
__size_of___lmul                                                         (abs)        000000
__size_of___lwdiv                                                        (abs)        000000
__size_of___lwmod                                                        (abs)        000000
__size_of_high_isr                                                       (abs)        000000
__size_of_isalpha                                                        (abs)        000000
__size_of_isdigit                                                        (abs)        000000
__size_of_isspace                                                        (abs)        000000
__size_of_isupper                                                        (abs)        000000
__size_of_low_isr                                                        (abs)        000000
__size_of_main                                                           (abs)        000000
__size_of_sprintf                                                        (abs)        000000
__size_of_strcmp                                                         (abs)        000000
__size_of_strcpy                                                         (abs)        000000
__size_of_strtol                                                         (abs)        000000
__size_of_toupper                                                        (abs)        000000
__smallconst                                                             smallconst   000600
_a                                                                       bssCOMRAM    00000B
_b                                                                       bssCOMRAM    000027
_c                                                                       bssCOMRAM    000009
_comando                                                                 bssBANK0     00009E
_comparacion                                                             bssCOMRAM    00001B
_cont                                                                    bssCOMRAM    00001F
_cont1                                                                   bssCOMRAM    00001D
_d                                                                       bssBANK0     000084
_dpowers                                                                 smallconst   000601
_e                                                                       bssBANK0     000080
_enter                                                                   bssCOMRAM    000029
_fm                                                                      bssCOMRAM    000015
_frecuenciaMedida                                                        bssCOMRAM    000001
_g                                                                       bssCOMRAM    000007
_h                                                                       bssCOMRAM    000005
_high_isr                                                                intcode      000008
_i                                                                       bssCOMRAM    000019
_isalpha                                                                 text5        002390
_isalpha$1607                                                            cstackBANK0  0000DE
_isdigit                                                                 text4        0023FA
_isdigit$1610                                                            cstackCOMRAM 00005B
_isspace                                                                 text3        0023CC
_isspace$1613                                                            cstackCOMRAM 00005B
_isupper                                                                 text6        00241E
_isupper$1616                                                            cstackCOMRAM 00005B
_led_mode                                                                bssCOMRAM    00002C
_low_isr                                                                 intcodelo    000018
_main                                                                    text0        000642
_mode                                                                    bssCOMRAM    00002B
_n                                                                       bssCOMRAM    000025
_posicion10                                                              bssCOMRAM    000013
_ptr                                                                     bssCOMRAM    000039
_ret                                                                     dataCOMRAM   00005E
_retf                                                                    bssCOMRAM    000011
_retp                                                                    bssCOMRAM    00000D
_retu                                                                    bssCOMRAM    00000F
_salida                                                                  bssCOMRAM    00002D
_segundos                                                                bssCOMRAM    000017
_sprintf                                                                 text10       001E38
_str1                                                                    bssBANK0     0000CF
_str2                                                                    bssBANK0     0000B3
_str3                                                                    bssBANK0     0000D9
_str4                                                                    bssBANK0     000088
_strcmp                                                                  text9        0022BA
_strcpy                                                                  text8        002352
_strtol                                                                  text1        001BD0
_toupper                                                                 text2        002442
_u                                                                       bssCOMRAM    000023
_umbral                                                                  bssBANK0     0000C3
_unSegundo                                                               bssCOMRAM    000021
btemp                                                                    temp         000060
end_of_initialization                                                    cinit        002344
int$flags                                                                temp         000060
int_func                                                                 intcode_body 001FDE
intlevel0                                                                text         002464
intlevel1                                                                text         002464
intlevel2                                                                text         002464
intlevel3                                                                text         002464
isalpha@c                                                                cstackBANK0  0000DF
isdigit@c                                                                cstackCOMRAM 00005C
isspace@c                                                                cstackCOMRAM 00005C
isupper@c                                                                cstackCOMRAM 00005C
sprintf@ap                                                               cstackBANK0  0000EF
sprintf@c                                                                cstackBANK0  0000F5
sprintf@f                                                                cstackBANK0  0000E8
sprintf@flag                                                             cstackBANK0  0000F1
sprintf@prec                                                             cstackBANK0  0000F2
sprintf@sp                                                               cstackBANK0  0000E6
sprintf@val                                                              cstackBANK0  0000F3
stackhi                                                                  (abs)        0005FF
stacklo                                                                  (abs)        0000FB
start                                                                    init         0000AA
start_initialization                                                     cinit        002314
strcmp@r                                                                 cstackBANK0  0000DF
strcmp@s1                                                                cstackCOMRAM 00005A
strcmp@s2                                                                cstackCOMRAM 00005C
strcpy@cp                                                                cstackBANK0  0000DE
strcpy@from                                                              cstackCOMRAM 00005C
strcpy@to                                                                cstackCOMRAM 00005A
strtol@a                                                                 cstackBANK0  0000F1
strtol@base                                                              cstackBANK0  0000EA
strtol@c                                                                 cstackBANK0  0000F5
strtol@endptr                                                            cstackBANK0  0000E8
strtol@s                                                                 cstackBANK0  0000E6
strtol@sign                                                              cstackBANK0  0000F0
toupper@c                                                                cstackCOMRAM 00005A


FUNCTION INFORMATION:

 *************** function _main *****************
 Defined at:
		line 69 in file "main.c"
 Parameters:    Size  Location     Type
		None
 Auto vars:     Size  Location     Type
		None
 Return value:  Size  Location     Type
                  1    wreg      void 
 Registers used:
		wreg, fsr2l, fsr2h, status,2, status,0, tblptrl, tblptrh, tblptru, prodl, prodh, cstack
 Tracked objects:
		On entry : 
		On exit  : 
		Unchanged: 
 Data sizes:     COMRAM   BANK0   BANK1   BANK2   BANK3   BANK4   BANK5
      Params:         0       0       0       0       0       0       0
      Locals:         0       0       0       0       0       0       0
      Temps:          0       5       0       0       0       0       0
      Totals:         0       5       0       0       0       0       0
Total ram usage:        5 bytes
 Hardware stack levels required when called:    5
 This function calls:
		_ConfigureOscillator
		_InitApp
		___lwdiv
		_sprintf
		_strcmp
		_strcpy
		_strtol
 This function is called by:
		Startup code after reset
 This function uses a non-reentrant model


 *************** function _strtol *****************
 Defined at:
		line 5 in file "C:\Program Files\Microchip\xc8\v1.42\sources\common\strtol.c"
 Parameters:    Size  Location     Type
  s               2    8[BANK0 ] PTR const unsigned char 
		 -> umbral(12), 
  endptr          2   10[BANK0 ] PTR PTR unsigned char 
		 -> ptr(2), 
  base            2   12[BANK0 ] int 
 Auto vars:     Size  Location     Type
  a               4   19[BANK0 ] long 
  c               1   23[BANK0 ] unsigned char 
  sign            1   18[BANK0 ] unsigned char 
 Return value:  Size  Location     Type
                  4    8[BANK0 ] long 
 Registers used:
		wreg, fsr2l, fsr2h, status,2, status,0, cstack
 Tracked objects:
		On entry : 
		On exit  : 
		Unchanged: 
 Data sizes:     COMRAM   BANK0   BANK1   BANK2   BANK3   BANK4   BANK5
      Params:         0       6       0       0       0       0       0
      Locals:         0       6       0       0       0       0       0
      Temps:          0       4       0       0       0       0       0
      Totals:         0      16       0       0       0       0       0
Total ram usage:       16 bytes
 Hardware stack levels used:    1
 Hardware stack levels required when called:    4
 This function calls:
		___lmul
		_isalpha
		_isdigit
		_isspace
		_toupper
 This function is called by:
		_main
 This function uses a non-reentrant model


 *************** function _toupper *****************
 Defined at:
		line 5 in file "C:\Program Files\Microchip\xc8\v1.42\sources\common\toupper.c"
 Parameters:    Size  Location     Type
  c               1    wreg     unsigned char 
 Auto vars:     Size  Location     Type
  c               1   31[COMRAM] unsigned char 
 Return value:  Size  Location     Type
                  1    wreg      unsigned char 
 Registers used:
		wreg, status,2, status,0
 Tracked objects:
		On entry : 
		On exit  : 
		Unchanged: 
 Data sizes:     COMRAM   BANK0   BANK1   BANK2   BANK3   BANK4   BANK5
      Params:         0       0       0       0       0       0       0
      Locals:         1       0       0       0       0       0       0
      Temps:          0       0       0       0       0       0       0
      Totals:         1       0       0       0       0       0       0
Total ram usage:        1 bytes
 Hardware stack levels used:    1
 Hardware stack levels required when called:    2
 This function calls:
		Nothing
 This function is called by:
		_strtol
 This function uses a non-reentrant model


 *************** function _isspace *****************
 Defined at:
		line 8 in file "C:\Program Files\Microchip\xc8\v1.42\sources\common\isspace.c"
 Parameters:    Size  Location     Type
  c               1    wreg     unsigned char 
 Auto vars:     Size  Location     Type
  c               1   33[COMRAM] unsigned char 
 Return value:  Size  Location     Type
		None               void
 Registers used:
		wreg, status,2, status,0
 Tracked objects:
		On entry : 
		On exit  : 
		Unchanged: 
 Data sizes:     COMRAM   BANK0   BANK1   BANK2   BANK3   BANK4   BANK5
      Params:         0       0       0       0       0       0       0
      Locals:         2       0       0       0       0       0       0
      Temps:          1       0       0       0       0       0       0
      Totals:         3       0       0       0       0       0       0
Total ram usage:        3 bytes
 Hardware stack levels used:    1
 Hardware stack levels required when called:    2
 This function calls:
		Nothing
 This function is called by:
		_strtol
 This function uses a non-reentrant model


 *************** function _isdigit *****************
 Defined at:
		line 8 in file "C:\Program Files\Microchip\xc8\v1.42\sources\common\isdigit.c"
 Parameters:    Size  Location     Type
  c               1    wreg     unsigned char 
 Auto vars:     Size  Location     Type
  c               1   33[COMRAM] unsigned char 
 Return value:  Size  Location     Type
		None               void
 Registers used:
		wreg, status,2, status,0
 Tracked objects:
		On entry : 
		On exit  : 
		Unchanged: 
 Data sizes:     COMRAM   BANK0   BANK1   BANK2   BANK3   BANK4   BANK5
      Params:         0       0       0       0       0       0       0
      Locals:         2       0       0       0       0       0       0
      Temps:          1       0       0       0       0       0       0
      Totals:         3       0       0       0       0       0       0
Total ram usage:        3 bytes
 Hardware stack levels used:    1
 Hardware stack levels required when called:    2
 This function calls:
		Nothing
 This function is called by:
		_strtol
 This function uses a non-reentrant model


 *************** function _isalpha *****************
 Defined at:
		line 8 in file "C:\Program Files\Microchip\xc8\v1.42\sources\common\isalpha.c"
 Parameters:    Size  Location     Type
  c               1    wreg     unsigned char 
 Auto vars:     Size  Location     Type
  c               1    1[BANK0 ] unsigned char 
 Return value:  Size  Location     Type
		None               void
 Registers used:
		wreg, status,2, status,0, cstack
 Tracked objects:
		On entry : 
		On exit  : 
		Unchanged: 
 Data sizes:     COMRAM   BANK0   BANK1   BANK2   BANK3   BANK4   BANK5
      Params:         0       0       0       0       0       0       0
      Locals:         0       2       0       0       0       0       0
      Temps:          1       0       0       0       0       0       0
      Totals:         1       2       0       0       0       0       0
Total ram usage:        3 bytes
 Hardware stack levels used:    1
 Hardware stack levels required when called:    3
 This function calls:
		_isupper
 This function is called by:
		_strtol
 This function uses a non-reentrant model


 *************** function _isupper *****************
 Defined at:
		line 8 in file "C:\Program Files\Microchip\xc8\v1.42\sources\common\isupper.c"
 Parameters:    Size  Location     Type
  c               1    wreg     unsigned char 
 Auto vars:     Size  Location     Type
  c               1   33[COMRAM] unsigned char 
 Return value:  Size  Location     Type
		None               void
 Registers used:
		wreg, status,2, status,0
 Tracked objects:
		On entry : 
		On exit  : 
		Unchanged: 
 Data sizes:     COMRAM   BANK0   BANK1   BANK2   BANK3   BANK4   BANK5
      Params:         0       0       0       0       0       0       0
      Locals:         2       0       0       0       0       0       0
      Temps:          1       0       0       0       0       0       0
      Totals:         3       0       0       0       0       0       0
Total ram usage:        3 bytes
 Hardware stack levels used:    1
 Hardware stack levels required when called:    2
 This function calls:
		Nothing
 This function is called by:
		_isalpha
 This function uses a non-reentrant model


 *************** function ___lmul *****************
 Defined at:
		line 15 in file "C:\Program Files\Microchip\xc8\v1.42\sources\common\Umul32.c"
 Parameters:    Size  Location     Type
  multiplier      4    0[BANK0 ] unsigned long 
  multiplicand    4    4[BANK0 ] unsigned long 
 Auto vars:     Size  Location     Type
  product         4   31[COMRAM] unsigned long 
 Return value:  Size  Location     Type
                  4    0[BANK0 ] unsigned long 
 Registers used:
		wreg, status,2, status,0
 Tracked objects:
		On entry : 
		On exit  : 
		Unchanged: 
 Data sizes:     COMRAM   BANK0   BANK1   BANK2   BANK3   BANK4   BANK5
      Params:         0       8       0       0       0       0       0
      Locals:         4       0       0       0       0       0       0
      Temps:          0       0       0       0       0       0       0
      Totals:         4       8       0       0       0       0       0
Total ram usage:       12 bytes
 Hardware stack levels used:    1
 Hardware stack levels required when called:    2
 This function calls:
		Nothing
 This function is called by:
		_strtol
 This function uses a non-reentrant model


 *************** function _strcpy *****************
 Defined at:
		line 8 in file "C:\Program Files\Microchip\xc8\v1.42\sources\common\strcpy.c"
 Parameters:    Size  Location     Type
  to              2   31[COMRAM] PTR unsigned char 
		 -> str4(22), str3(5), str2(16), str1(10), 
  from            2   33[COMRAM] PTR const unsigned char 
		 -> STR_4(24), STR_3(7), STR_2(17), STR_1(11), 
 Auto vars:     Size  Location     Type
  cp              2    0[BANK0 ] PTR unsigned char 
		 -> str4(22), str3(5), str2(16), str1(10), 
 Return value:  Size  Location     Type
                  2   31[COMRAM] PTR unsigned char 
 Registers used:
		wreg, fsr2l, fsr2h, status,2, status,0, tblptrl, tblptrh, tblptru
 Tracked objects:
		On entry : 
		On exit  : 
		Unchanged: 
 Data sizes:     COMRAM   BANK0   BANK1   BANK2   BANK3   BANK4   BANK5
      Params:         4       0       0       0       0       0       0
      Locals:         0       2       0       0       0       0       0
      Temps:          0       0       0       0       0       0       0
      Totals:         4       2       0       0       0       0       0
Total ram usage:        6 bytes
 Hardware stack levels used:    1
 Hardware stack levels required when called:    2
 This function calls:
		Nothing
 This function is called by:
		_main
 This function uses a non-reentrant model


 *************** function _strcmp *****************
 Defined at:
		line 33 in file "C:\Program Files\Microchip\xc8\v1.42\sources\common\strcmp.c"
 Parameters:    Size  Location     Type
  s1              2   31[COMRAM] PTR const unsigned char 
		 -> comando(21), 
  s2              2   33[COMRAM] PTR const unsigned char 
		 -> str3(5), str2(16), str1(10), 
 Auto vars:     Size  Location     Type
  r               1    1[BANK0 ] char 
 Return value:  Size  Location     Type
                  2   31[COMRAM] int 
 Registers used:
		wreg, fsr2l, fsr2h, status,2, status,0
 Tracked objects:
		On entry : 
		On exit  : 
		Unchanged: 
 Data sizes:     COMRAM   BANK0   BANK1   BANK2   BANK3   BANK4   BANK5
      Params:         4       0       0       0       0       0       0
      Locals:         0       1       0       0       0       0       0
      Temps:          0       1       0       0       0       0       0
      Totals:         4       2       0       0       0       0       0
Total ram usage:        6 bytes
 Hardware stack levels used:    1
 Hardware stack levels required when called:    2
 This function calls:
		Nothing
 This function is called by:
		_main
 This function uses a non-reentrant model


 *************** function _sprintf *****************
 Defined at:
		line 492 in file "C:\Program Files\Microchip\xc8\v1.42\sources\common\doprnt.c"
 Parameters:    Size  Location     Type
  sp              2    8[BANK0 ] PTR unsigned char 
		 -> salida(12), 
  f               2   10[BANK0 ] PTR const unsigned char 
		 -> STR_24(5), STR_23(5), STR_22(5), STR_21(5), 
		 -> STR_20(5), STR_19(5), STR_18(5), STR_17(5), 
		 -> STR_16(5), STR_15(5), STR_14(5), STR_13(5), 
		 -> STR_12(5), STR_11(5), STR_10(5), STR_9(5), 
		 -> STR_8(5), STR_7(5), STR_6(5), STR_5(5), 
 Auto vars:     Size  Location     Type
  tmpval          4    0        struct .
  cp              3    0        PTR const unsigned char 
  val             2   21[BANK0 ] unsigned int 
  ap              2   17[BANK0 ] PTR void [1]
		 -> ?_sprintf(2), 
  len             2    0        unsigned int 
  c               1   23[BANK0 ] char 
  prec            1   20[BANK0 ] char 
  flag            1   19[BANK0 ] unsigned char 
 Return value:  Size  Location     Type
                  2    8[BANK0 ] int 
 Registers used:
		wreg, fsr2l, fsr2h, status,2, status,0, tblptrl, tblptrh, tblptru, prodl, prodh, cstack
 Tracked objects:
		On entry : 
		On exit  : 
		Unchanged: 
 Data sizes:     COMRAM   BANK0   BANK1   BANK2   BANK3   BANK4   BANK5
      Params:         0       8       0       0       0       0       0
      Locals:         0       7       0       0       0       0       0
      Temps:          0       1       0       0       0       0       0
      Totals:         0      16       0       0       0       0       0
Total ram usage:       16 bytes
 Hardware stack levels used:    1
 Hardware stack levels required when called:    3
 This function calls:
		___lwdiv
		___lwmod
 This function is called by:
		_main
 This function uses a non-reentrant model


 *************** function ___lwmod *****************
 Defined at:
		line 8 in file "C:\Program Files\Microchip\xc8\v1.42\sources\common\lwmod.c"
 Parameters:    Size  Location     Type
  dividend        2    3[BANK0 ] unsigned int 
  divisor         2    5[BANK0 ] unsigned int 
 Auto vars:     Size  Location     Type
  counter         1    7[BANK0 ] unsigned char 
 Return value:  Size  Location     Type
                  2    3[BANK0 ] unsigned int 
 Registers used:
		wreg, status,2, status,0
 Tracked objects:
		On entry : 
		On exit  : 
		Unchanged: 
 Data sizes:     COMRAM   BANK0   BANK1   BANK2   BANK3   BANK4   BANK5
      Params:         0       4       0       0       0       0       0
      Locals:         0       1       0       0       0       0       0
      Temps:          0       0       0       0       0       0       0
      Totals:         0       5       0       0       0       0       0
Total ram usage:        5 bytes
 Hardware stack levels used:    1
 Hardware stack levels required when called:    2
 This function calls:
		Nothing
 This function is called by:
		_sprintf
 This function uses a non-reentrant model


 *************** function ___lwdiv *****************
 Defined at:
		line 8 in file "C:\Program Files\Microchip\xc8\v1.42\sources\common\lwdiv.c"
 Parameters:    Size  Location     Type
  dividend        2   31[COMRAM] unsigned int 
  divisor         2   33[COMRAM] unsigned int 
 Auto vars:     Size  Location     Type
  quotient        2    1[BANK0 ] unsigned int 
  counter         1    0[BANK0 ] unsigned char 
 Return value:  Size  Location     Type
                  2   31[COMRAM] unsigned int 
 Registers used:
		wreg, status,2, status,0
 Tracked objects:
		On entry : 
		On exit  : 
		Unchanged: 
 Data sizes:     COMRAM   BANK0   BANK1   BANK2   BANK3   BANK4   BANK5
      Params:         4       0       0       0       0       0       0
      Locals:         0       3       0       0       0       0       0
      Temps:          0       0       0       0       0       0       0
      Totals:         4       3       0       0       0       0       0
Total ram usage:        7 bytes
 Hardware stack levels used:    1
 Hardware stack levels required when called:    2
 This function calls:
		Nothing
 This function is called by:
		_main
		_sprintf
 This function uses a non-reentrant model


 *************** function _InitApp *****************
 Defined at:
		line 28 in file "user.c"
 Parameters:    Size  Location     Type
		None
 Auto vars:     Size  Location     Type
		None
 Return value:  Size  Location     Type
                  1    wreg      void 
 Registers used:
		wreg, status,2
 Tracked objects:
		On entry : 
		On exit  : 
		Unchanged: 
 Data sizes:     COMRAM   BANK0   BANK1   BANK2   BANK3   BANK4   BANK5
      Params:         0       0       0       0       0       0       0
      Locals:         0       0       0       0       0       0       0
      Temps:          0       0       0       0       0       0       0
      Totals:         0       0       0       0       0       0       0
Total ram usage:        0 bytes
 Hardware stack levels used:    1
 Hardware stack levels required when called:    2
 This function calls:
		Nothing
 This function is called by:
		_main
 This function uses a non-reentrant model


 *************** function _ConfigureOscillator *****************
 Defined at:
		line 24 in file "system.c"
 Parameters:    Size  Location     Type
		None
 Auto vars:     Size  Location     Type
		None
 Return value:  Size  Location     Type
                  1    wreg      void 
 Registers used:
		None
 Tracked objects:
		On entry : 
		On exit  : 
		Unchanged: 
 Data sizes:     COMRAM   BANK0   BANK1   BANK2   BANK3   BANK4   BANK5
      Params:         0       0       0       0       0       0       0
      Locals:         0       0       0       0       0       0       0
      Temps:          0       0       0       0       0       0       0
      Totals:         0       0       0       0       0       0       0
Total ram usage:        0 bytes
 Hardware stack levels used:    1
 Hardware stack levels required when called:    2
 This function calls:
		Nothing
 This function is called by:
		_main
 This function uses a non-reentrant model


 *************** function _low_isr *****************
 Defined at:
		line 79 in file "interrupts.c"
 Parameters:    Size  Location     Type
		None
 Auto vars:     Size  Location     Type
		None
 Return value:  Size  Location     Type
                  1    wreg      void 
 Registers used:
		None
 Tracked objects:
		On entry : 
		On exit  : 
		Unchanged: 
 Data sizes:     COMRAM   BANK0   BANK1   BANK2   BANK3   BANK4   BANK5
      Params:         0       0       0       0       0       0       0
      Locals:         0       0       0       0       0       0       0
      Temps:         17       0       0       0       0       0       0
      Totals:        17       0       0       0       0       0       0
Total ram usage:       17 bytes
 Hardware stack levels used:    1
 Hardware stack levels required when called:    1
 This function calls:
		Nothing
 This function is called by:
		Interrupt level 1
 This function uses a non-reentrant model


 *************** function _high_isr *****************
 Defined at:
		line 36 in file "interrupts.c"
 Parameters:    Size  Location     Type
		None
 Auto vars:     Size  Location     Type
		None
 Return value:  Size  Location     Type
                  1    wreg      void 
 Registers used:
		wreg, fsr2l, fsr2h, status,2, status,0
 Tracked objects:
		On entry : 
		On exit  : 
		Unchanged: 
 Data sizes:     COMRAM   BANK0   BANK1   BANK2   BANK3   BANK4   BANK5
      Params:         0       0       0       0       0       0       0
      Locals:         0       0       0       0       0       0       0
      Temps:         14       0       0       0       0       0       0
      Totals:        14       0       0       0       0       0       0
Total ram usage:       14 bytes
 Hardware stack levels used:    1
 This function calls:
		Nothing
 This function is called by:
		Interrupt level 2
 This function uses a non-reentrant model



MODULE INFORMATION

Module		Function		Class		Link	Load	Size
C:\Program Files\Microchip\xc8\v1.42\sources\common\strcmp.c
		_strcmp        		CODE           	22BA	0000	91

C:\Program Files\Microchip\xc8\v1.42\sources\common\strcmp.c estimated size: 91

C:\Program Files\Microchip\xc8\v1.42\sources\common\strcpy.c
		_strcpy        		CODE           	2352	0000	63

C:\Program Files\Microchip\xc8\v1.42\sources\common\strcpy.c estimated size: 63

interrupts.c
		_high_isr      		CODE           	0008	0000	253
		_low_isr       		CODE           	0018	0000	147

interrupts.c estimated size: 400

C:\Program Files\Microchip\xc8\v1.42\sources\common\isupper.c
		_isupper       		CODE           	241E	0000	37

C:\Program Files\Microchip\xc8\v1.42\sources\common\isupper.c estimated size: 37

C:\Program Files\Microchip\xc8\v1.42\sources\common\toupper.c
		_toupper       		CODE           	2442	0000	27

C:\Program Files\Microchip\xc8\v1.42\sources\common\toupper.c estimated size: 27

C:\Program Files\Microchip\xc8\v1.42\sources\common\strtol.c
		_strtol        		CODE           	1BD0	0000	617

C:\Program Files\Microchip\xc8\v1.42\sources\common\strtol.c estimated size: 617

C:\Program Files\Microchip\xc8\v1.42\sources\common\isspace.c
		_isspace       		CODE           	23CC	0000	47

C:\Program Files\Microchip\xc8\v1.42\sources\common\isspace.c estimated size: 47

C:\Program Files\Microchip\xc8\v1.42\sources\common\doprnt.c
		_sprintf       		CODE           	1E38	0000	423

C:\Program Files\Microchip\xc8\v1.42\sources\common\doprnt.c estimated size: 423

C:\Program Files\Microchip\xc8\v1.42\sources\common\isalpha.c
		_isalpha       		CODE           	2390	0000	61

C:\Program Files\Microchip\xc8\v1.42\sources\common\isalpha.c estimated size: 61

C:\Program Files\Microchip\xc8\v1.42\sources\common\lwmod.c
		___lwmod       		CODE           	21DE	0000	113

C:\Program Files\Microchip\xc8\v1.42\sources\common\lwmod.c estimated size: 113

shared
		_dpowers       		SMALLCONST     	0601	0000	11
		__initialization		CODE           	2314	0000	49

shared estimated size: 60

C:\Program Files\Microchip\xc8\v1.42\sources\common\isdigit.c
		_isdigit       		CODE           	23FA	0000	37

C:\Program Files\Microchip\xc8\v1.42\sources\common\isdigit.c estimated size: 37

user.c
		_InitApp       		CODE           	20D2	0000	153

user.c estimated size: 153

C:\Program Files\Microchip\xc8\v1.42\sources\common\lwdiv.c
		___lwdiv       		CODE           	224E	0000	109

C:\Program Files\Microchip\xc8\v1.42\sources\common\lwdiv.c estimated size: 109

main.c
		_main          		CODE           	0642	0000	5519

main.c estimated size: 5519

system.c
		_ConfigureOscillator		CODE           	245C	0000	7

system.c estimated size: 7

C:\Program Files\Microchip\xc8\v1.42\sources\common\Umul32.c
		___lmul        		CODE           	216A	0000	117

C:\Program Files\Microchip\xc8\v1.42\sources\common\Umul32.c estimated size: 117

