Microchip MPLAB XC8 Compiler V1.38 ()

Linker command line:

-W-3 --edf=/opt/microchip/xc8/v1.38/dat/en_msgs.txt -cs \
  -h+dist/C18_18F87K22/debug/practica_VIII.X.debug.sym \
  --cmf=dist/C18_18F87K22/debug/practica_VIII.X.debug.cmf -z -Q18F252 \
  -o/tmp/xcXF3qYqR -Mdist/C18_18F87K22/debug/practica_VIII.X.debug.map -E1 \
  -ver=XC8 -ASTACK=0179h-05ffh -pstack=STACK -ACODE=00h-03FFFhx2 \
  -ACONST=00h-07FFFh -ASMALLCONST=0600h-06FFhx122 \
  -AMEDIUMCONST=0600h-07FFFh -ACOMRAM=01h-07Fh -AABS1=00h-05FFh \
  -ABIGRAM=01h-05FFh -ARAM=080h-0FFh,0100h-01FFhx5 -ABANK0=080h-0FFh \
  -ABANK1=0100h-01FFh -ABANK2=0200h-02FFh -ABANK3=0300h-03FFh \
  -ABANK4=0400h-04FFh -ABANK5=0500h-05FFh -ASFR=0F80h-0FFFh \
  -preset_vec=00h,intcode=08h,intcodelo=018h,powerup,init,end_init \
  -pramtop=0600h -psmallconst=SMALLCONST -pmediumconst=MEDIUMCONST \
  -pconst=CONST -AFARRAM=00h-00h -ACONFIG=0300000h-030000Dh -pconfig=CONFIG \
  -AIDLOC=0200000h-0200007h -pidloc=IDLOC -AEEDATA=0F00000h-0F000FFh \
  -peeprom_data=EEDATA \
  -prdata=COMRAM,nvrram=COMRAM,nvbit=COMRAM,rbss=COMRAM,rbit=COMRAM \
  -pfarbss=FARRAM,fardata=FARRAM,nvFARRAM=FARRAM \
  -pintsave_regs=BIGRAM,bigbss=BIGRAM,bigdata=BIGRAM -pbss=RAM \
  -pidata=CODE,irdata=CODE,ibigdata=CODE,ifardata=CODE -prparam=COMRAM \
  /tmp/xcX1JY8nR.obj dist/C18_18F87K22/debug/practica_VIII.X.debug.obj 

Object code version is 3.11

Machine type is 18F252

Call graph: (short form)




                Name                               Link     Load   Length Selector   Space Scale
/tmp/xcX1JY8nR.obj
                end_init                             AA       AA        4        C       0
                text                               2E7C     2E7C        2        C       0
                reset_vec                             0        0        6        0       0
                idloc                            200000   200000        8   200000       0
                config                           300000   300000        E   300000       0
dist/C18_18F87K22/debug/practica_VIII.X.debug.obj
                intcodelo                            18       18       92        C       0
                intcode                               8        8       10        4       0
                temp                                 5D       5D        1        1       1
                mediumconst                        7E0A     7E0A      1F6     3F05       0
                intcode_body                       2266     2266      134        C       0
                text28                             2E76     2E76        6        C       0
                text27                             26E4     26E4       C6        C       0
                text26                             27AA     27AA       C4        C       0
                text25                             2D78     2D78       3E        C       0
                text24                             1FEC     1FEC      146        C       0
                text23                             290A     290A       98        C       0
                text22                             1E40     1E40      1AC        C       0
                text21                             2AB6     2AB6       78        C       0
                text20                             2DB6     2DB6       32        C       0
                text19                             2C78     2C78       5A        C       0
                text18                             286E     286E       9C        C       0
                text17                             2E12     2E12       2A        C       0
                text16                             1940     1940      290        C       0
                text15                             2D26     2D26       52        C       0
                text14                             2132     2132      134        C       0
                text13                             29A2     29A2       90        C       0
                text12                             2B2E     2B2E       74        C       0
                text11                             2C14     2C14       64        C       0
                text10                             25DC     25DC      108        C       0
                text9                              24CA     24CA      112        C       0
                text8                              2A32     2A32       84        C       0
                text7                              239A     239A      130        C       0
                text6                              2DE8     2DE8       2A        C       0
                text5                              1BD0     1BD0      270        C       0
                text4                              2E3C     2E3C       24        C       0
                text3                              14DE     14DE      462        C       0
                text2                                AE       AE      D2A        C       0
                text1                              2CD2     2CD2       54        C       0
                text0                               DD8      DD8      706        C       0
                cstackCOMRAM                          1        1       3B        1       1
                cstackBANK0                          80       80       35       80       1
                cstackBANK1                         15F      15F       1A      100       1
                bssBANK1                            100      100       5F      100       1
                dataBANK0                            E6       E6       10       80       1
                bssBANK0                             B5       B5       31       80       1
                dataCOMRAM                           57       57        6        1       1
                bssCOMRAM                            3C       3C       1B        1       1
                cinit                              2BA2     2BA2       72        C       0
                idataBANK0                         2E60     2E60       10        C       0
                idataCOMRAM                        2E70     2E70        6        C       0

TOTAL           Name                               Link     Load   Length     Space
        CLASS   STACK          

        CLASS   CODE           
                end_init                             AA       AA        4         0
                text                               2E7C     2E7C        2         0
                intcodelo                            18       18       92         0
                intcode                               8        8       10         0
                reset_vec                             0        0        6         0
                intcode_body                       2266     2266      134         0
                text28                             2E76     2E76        6         0
                text27                             26E4     26E4       C6         0
                text26                             27AA     27AA       C4         0
                text25                             2D78     2D78       3E         0
                text24                             1FEC     1FEC      146         0
                text23                             290A     290A       98         0
                text22                             1E40     1E40      1AC         0
                text21                             2AB6     2AB6       78         0
                text20                             2DB6     2DB6       32         0
                text19                             2C78     2C78       5A         0
                text18                             286E     286E       9C         0
                text17                             2E12     2E12       2A         0
                text16                             1940     1940      290         0
                text15                             2D26     2D26       52         0
                text14                             2132     2132      134         0
                text13                             29A2     29A2       90         0
                text12                             2B2E     2B2E       74         0
                text11                             2C14     2C14       64         0
                text10                             25DC     25DC      108         0
                text9                              24CA     24CA      112         0
                text8                              2A32     2A32       84         0
                text7                              239A     239A      130         0
                text6                              2DE8     2DE8       2A         0
                text5                              1BD0     1BD0      270         0
                text4                              2E3C     2E3C       24         0
                text3                              14DE     14DE      462         0
                text2                                AE       AE      D2A         0
                text1                              2CD2     2CD2       54         0
                text0                               DD8      DD8      706         0
                cinit                              2BA2     2BA2       72         0
                idataBANK0                         2E60     2E60       10         0
                idataCOMRAM                        2E70     2E70        6         0

        CLASS   CONST          

        CLASS   SMALLCONST     

        CLASS   MEDIUMCONST    
                mediumconst                        7E0A     7E0A      1F6         0

        CLASS   COMRAM         
                temp                                 5D       5D        1         1
                cstackCOMRAM                          1        1       3B         1
                dataCOMRAM                           57       57        6         1
                bssCOMRAM                            3C       3C       1B         1

        CLASS   ABS1           

        CLASS   BIGRAM         

        CLASS   RAM            

        CLASS   BANK0          
                cstackBANK0                          80       80       35         1
                dataBANK0                            E6       E6       10         1
                bssBANK0                             B5       B5       31         1

        CLASS   BANK1          
                cstackBANK1                         15F      15F       1A         1
                bssBANK1                            100      100       5F         1

        CLASS   BANK2          

        CLASS   BANK3          

        CLASS   BANK4          

        CLASS   BANK5          

        CLASS   SFR            

        CLASS   FARRAM         

        CLASS   CONFIG         
                config                           300000   300000        E         0

        CLASS   IDLOC          
                idloc                            200000   200000        8         0

        CLASS   EEDATA         



SEGMENTS        Name                           Load    Length   Top    Selector   Space  Class

                reset_vec                      000000  000006  000006         0       0  CODE    
                cstackCOMRAM                   000001  00005D  00005E         1       1  COMRAM  
                intcode                        000008  000010  000018         4       0  CODE    
                intcodelo                      000018  002E66  002E7E         C       0  CODE    
                cstackBANK0                    000080  000076  0000F6        80       1  BANK0   
                bssBANK1                       000100  000079  000179       100       1  BANK1   
                mediumconst                    007E0A  0001F6  008000      3F05       0  MEDIUMCO
                idloc                          200000  000008  200008    200000       0  IDLOC   
                config                         300000  00000E  30000E    300000       0  CONFIG  


UNUSED ADDRESS RANGES

        Name                Unused          Largest block    Delta
        BANK0            0000F6-0000FF                A
        BANK1            000179-0001FF               87
        BANK2            000200-0002FF              100
        BANK3            000300-0003FF              100
        BANK4            000400-0004FF              100
        BANK5            000500-0005FF              100
        BIGRAM           00005E-00007F               22
                         0000F6-0000FF                A
                         000179-0005FF              487
        CODE             000006-000007                2
                         002E7E-007E09             1182
        COMRAM           00005E-00007F               22
        CONST            000006-000007                2
                         002E7E-007E09             4F8C
        EEDATA           F00000-F000FF              100
        MEDIUMCONST      002E7E-007E09             4F8C
        RAM              0000F6-0000FF                A
                         000179-0005FF              100
        SFR              000F80-000FFF               80
        SMALLCONST       002E7E-007E09              100
        STACK            000179-0005FF              487

                                  Symbol Table

?___awdiv                                                        cstackCOMRAM 000028
?___awmod                                                        cstackCOMRAM 000022
?___awtoft                                                       cstackCOMRAM 00002A
?___ftadd                                                        cstackBANK0  000093
?___ftdiv                                                        cstackBANK0  000089
?___ftmul                                                        cstackCOMRAM 000036
?___ftneg                                                        cstackCOMRAM 000022
?___ftpack                                                       cstackCOMRAM 000022
?___ftsub                                                        cstackBANK0  00009F
?___fttol                                                        cstackBANK0  000090
?___lldiv                                                        cstackCOMRAM 000022
?___llmod                                                        cstackCOMRAM 00002F
?___lltoft                                                       cstackCOMRAM 00002A
?___wmul                                                         cstackCOMRAM 000030
?__div_to_l_                                                     cstackCOMRAM 000022
?__tdiv_to_l_                                                    cstackCOMRAM 000022
?_conversionADMues                                               cstackCOMRAM 000030
?_fround                                                         cstackBANK0  000089
?_scale                                                          cstackBANK0  000089
?_sprintf                                                        cstackBANK0  0000A5
?_strcmp                                                         cstackCOMRAM 000022
InitApp@i                                                        cstackCOMRAM 000022
_ADCON0bits                                                      (abs)        000FC2
_ADCON1bits                                                      (abs)        000FC1
_ADRESH                                                          (abs)        000FC4
_ADRESL                                                          (abs)        000FC3
_ConfigureOscillator                                             text28       002E76
_INFO                                                            mediumconst  007F9C
_INTCON2bits                                                     (abs)        000FF1
_INTCONbits                                                      (abs)        000FF2
_IPR1bits                                                        (abs)        000F9F
_IPR2bits                                                        (abs)        000FA2
_InitApp                                                         text27       0026E4
_LATBbits                                                        (abs)        000F8A
_MODONORMAL                                                      mediumconst  007F68
_MODORAPIDO                                                      mediumconst  007F73
_MUESTREO1                                                       mediumconst  007F7E
_MUESTREO2                                                       mediumconst  007F88
_MUESTREO3                                                       mediumconst  007F92
_NORMAL                                                          bssCOMRAM    00003C
_PIE1bits                                                        (abs)        000F9D
_PIE2bits                                                        (abs)        000FA0
_PIR1bits                                                        (abs)        000F9E
_PIR2bits                                                        (abs)        000FA1
_PORTA                                                           (abs)        000F80
_PORTB                                                           (abs)        000F81
_PORTBbits                                                       (abs)        000F81
_PORTC                                                           (abs)        000F82
_RAPIDO                                                          dataCOMRAM   000057
_RCONbits                                                        (abs)        000FD0
_RCREG                                                           (abs)        000FAE
_RCSTAbits                                                       (abs)        000FAB
_SPBRG                                                           (abs)        000FAF
_T0CONbits                                                       (abs)        000FD5
_T1CONbits                                                       (abs)        000FCD
_T3CONbits                                                       (abs)        000FB1
_TMR0                                                            (abs)        000FD6
_TMR1                                                            (abs)        000FCE
_TMR3                                                            (abs)        000FB2
_TRISAbits                                                       (abs)        000F92
_TRISBbits                                                       (abs)        000F93
_TRISCbits                                                       (abs)        000F94
_TXREG                                                           (abs)        000FAD
_TXSTAbits                                                       (abs)        000FAC
_VISUALIZACION1                                                  mediumconst  007F3B
_VISUALIZACION2                                                  mediumconst  007F4A
_VISUALIZACION3                                                  mediumconst  007F59
__CFG_BOR$OFF                                                    (abs)        000000
__CFG_BORV$20                                                    (abs)        000000
__CFG_CCP2MUX$OFF                                                (abs)        000000
__CFG_CP0$OFF                                                    (abs)        000000
__CFG_CP1$OFF                                                    (abs)        000000
__CFG_CP2$OFF                                                    (abs)        000000
__CFG_CP3$OFF                                                    (abs)        000000
__CFG_CPB$OFF                                                    (abs)        000000
__CFG_CPD$OFF                                                    (abs)        000000
__CFG_EBTR0$OFF                                                  (abs)        000000
__CFG_EBTR1$OFF                                                  (abs)        000000
__CFG_EBTR2$OFF                                                  (abs)        000000
__CFG_EBTR3$OFF                                                  (abs)        000000
__CFG_EBTRB$OFF                                                  (abs)        000000
__CFG_LVP$OFF                                                    (abs)        000000
__CFG_OSC$HS                                                     (abs)        000000
__CFG_OSCS$OFF                                                   (abs)        000000
__CFG_PWRT$OFF                                                   (abs)        000000
__CFG_STVR$OFF                                                   (abs)        000000
__CFG_WDT$OFF                                                    (abs)        000000
__CFG_WDTPS$128                                                  (abs)        000000
__CFG_WRT0$OFF                                                   (abs)        000000
__CFG_WRT1$OFF                                                   (abs)        000000
__CFG_WRT2$OFF                                                   (abs)        000000
__CFG_WRT3$OFF                                                   (abs)        000000
__CFG_WRTB$OFF                                                   (abs)        000000
__CFG_WRTC$OFF                                                   (abs)        000000
__CFG_WRTD$OFF                                                   (abs)        000000
__HRAM                                                           (abs)        000000
__Habs1                                                          abs1         000000
__Hbank0                                                         bank0        000000
__Hbank1                                                         bank1        000000
__Hbank2                                                         bank2        000000
__Hbank3                                                         bank3        000000
__Hbank4                                                         bank4        000000
__Hbank5                                                         bank5        000000
__Hbigbss                                                        bigbss       000000
__Hbigdata                                                       bigdata      000000
__Hbigram                                                        bigram       000000
__Hbss                                                           bss          000000
__HbssBANK0                                                      bssBANK0     000000
__HbssBANK1                                                      bssBANK1     000000
__HbssCOMRAM                                                     bssCOMRAM    000000
__Hcinit                                                         cinit        000000
__Hclrtext                                                       clrtext      000000
__Hcomram                                                        comram       000000
__Hconfig                                                        config       30000E
__Hconst                                                         const        000000
__HcstackBANK0                                                   cstackBANK0  000000
__HcstackBANK1                                                   cstackBANK1  000000
__HcstackCOMRAM                                                  cstackCOMRAM 000000
__Hdata                                                          data         000000
__HdataBANK0                                                     dataBANK0    000000
__HdataCOMRAM                                                    dataCOMRAM   000000
__Heeprom_data                                                   eeprom_data  000000
__Hend_init                                                      end_init     0000AE
__Hfarbss                                                        farbss       000000
__Hfardata                                                       fardata      000000
__Hibigdata                                                      ibigdata     000000
__Hidata                                                         idata        000000
__HidataBANK0                                                    idataBANK0   000000
__HidataCOMRAM                                                   idataCOMRAM  000000
__Hidloc                                                         idloc        200008
__Hifardata                                                      ifardata     000000
__Hinit                                                          init         0000AA
__Hintcode                                                       intcode      000018
__Hintcode_body                                                  intcode_body 000000
__Hintcodelo                                                     intcodelo    0000AA
__Hintentry                                                      intentry     000000
__Hintret                                                        intret       000000
__Hintsave_regs                                                  intsave_regs 000000
__Hirdata                                                        irdata       000000
__Hmediumconst                                                   mediumconst  008000
__HnvFARRAM                                                      nvFARRAM     000000
__Hnvbit                                                         nvbit        000000
__Hnvrram                                                        nvrram       000000
__Hparam                                                         rparam       000000
__Hpowerup                                                       powerup      0000AA
__Hram                                                           ram          000000
__Hramtop                                                        ramtop       000600
__Hrbit                                                          rbit         000000
__Hrbss                                                          rbss         000000
__Hrdata                                                         rdata        000000
__Hreset_vec                                                     reset_vec    000006
__Hrparam                                                        rparam       000000
__Hsfr                                                           sfr          000000
__Hsmallconst                                                    smallconst   000000
__Hspace_0                                                       (abs)        30000E
__Hspace_1                                                       (abs)        000179
__Hspace_2                                                       (abs)        000000
__Hstack                                                         stack        000000
__Hstruct                                                        struct       000000
__Htemp                                                          temp         00005E
__Htext                                                          text         000000
__Htext0                                                         text0        000000
__Htext1                                                         text1        000000
__Htext10                                                        text10       000000
__Htext11                                                        text11       000000
__Htext12                                                        text12       000000
__Htext13                                                        text13       000000
__Htext14                                                        text14       000000
__Htext15                                                        text15       000000
__Htext16                                                        text16       000000
__Htext17                                                        text17       000000
__Htext18                                                        text18       000000
__Htext19                                                        text19       000000
__Htext2                                                         text2        000000
__Htext20                                                        text20       000000
__Htext21                                                        text21       000000
__Htext22                                                        text22       000000
__Htext23                                                        text23       000000
__Htext24                                                        text24       000000
__Htext25                                                        text25       000000
__Htext26                                                        text26       000000
__Htext27                                                        text27       000000
__Htext28                                                        text28       000000
__Htext3                                                         text3        000000
__Htext4                                                         text4        000000
__Htext5                                                         text5        000000
__Htext6                                                         text6        000000
__Htext7                                                         text7        000000
__Htext8                                                         text8        000000
__Htext9                                                         text9        000000
__LRAM                                                           (abs)        000001
__Labs1                                                          abs1         000000
__Lbank0                                                         bank0        000000
__Lbank1                                                         bank1        000000
__Lbank2                                                         bank2        000000
__Lbank3                                                         bank3        000000
__Lbank4                                                         bank4        000000
__Lbank5                                                         bank5        000000
__Lbigbss                                                        bigbss       000000
__Lbigdata                                                       bigdata      000000
__Lbigram                                                        bigram       000000
__Lbss                                                           bss          000000
__LbssBANK0                                                      bssBANK0     000000
__LbssBANK1                                                      bssBANK1     000000
__LbssCOMRAM                                                     bssCOMRAM    000000
__Lcinit                                                         cinit        000000
__Lclrtext                                                       clrtext      000000
__Lcomram                                                        comram       000000
__Lconfig                                                        config       300000
__Lconst                                                         const        000000
__LcstackBANK0                                                   cstackBANK0  000000
__LcstackBANK1                                                   cstackBANK1  000000
__LcstackCOMRAM                                                  cstackCOMRAM 000000
__Ldata                                                          data         000000
__LdataBANK0                                                     dataBANK0    000000
__LdataCOMRAM                                                    dataCOMRAM   000000
__Leeprom_data                                                   eeprom_data  000000
__Lend_init                                                      end_init     0000AA
__Lfarbss                                                        farbss       000000
__Lfardata                                                       fardata      000000
__Libigdata                                                      ibigdata     000000
__Lidata                                                         idata        000000
__LidataBANK0                                                    idataBANK0   000000
__LidataCOMRAM                                                   idataCOMRAM  000000
__Lidloc                                                         idloc        200000
__Lifardata                                                      ifardata     000000
__Linit                                                          init         0000AA
__Lintcode                                                       intcode      000008
__Lintcode_body                                                  intcode_body 000000
__Lintcodelo                                                     intcodelo    000018
__Lintentry                                                      intentry     000000
__Lintret                                                        intret       000000
__Lintsave_regs                                                  intsave_regs 000000
__Lirdata                                                        irdata       000000
__Lmediumconst                                                   mediumconst  007E0A
__LnvFARRAM                                                      nvFARRAM     000000
__Lnvbit                                                         nvbit        000000
__Lnvrram                                                        nvrram       000000
__Lparam                                                         rparam       000000
__Lpowerup                                                       powerup      0000AA
__Lram                                                           ram          000000
__Lramtop                                                        ramtop       000600
__Lrbit                                                          rbit         000000
__Lrbss                                                          rbss         000000
__Lrdata                                                         rdata        000000
__Lreset_vec                                                     reset_vec    000000
__Lrparam                                                        rparam       000000
__Lsfr                                                           sfr          000000
__Lsmallconst                                                    smallconst   000000
__Lspace_0                                                       (abs)        000000
__Lspace_1                                                       (abs)        000000
__Lspace_2                                                       (abs)        000000
__Lstack                                                         stack        000000
__Lstruct                                                        struct       000000
__Ltemp                                                          temp         00005D
__Ltext                                                          text         000000
__Ltext0                                                         text0        000000
__Ltext1                                                         text1        000000
__Ltext10                                                        text10       000000
__Ltext11                                                        text11       000000
__Ltext12                                                        text12       000000
__Ltext13                                                        text13       000000
__Ltext14                                                        text14       000000
__Ltext15                                                        text15       000000
__Ltext16                                                        text16       000000
__Ltext17                                                        text17       000000
__Ltext18                                                        text18       000000
__Ltext19                                                        text19       000000
__Ltext2                                                         text2        000000
__Ltext20                                                        text20       000000
__Ltext21                                                        text21       000000
__Ltext22                                                        text22       000000
__Ltext23                                                        text23       000000
__Ltext24                                                        text24       000000
__Ltext25                                                        text25       000000
__Ltext26                                                        text26       000000
__Ltext27                                                        text27       000000
__Ltext28                                                        text28       000000
__Ltext3                                                         text3        000000
__Ltext4                                                         text4        000000
__Ltext5                                                         text5        000000
__Ltext6                                                         text6        000000
__Ltext7                                                         text7        000000
__Ltext8                                                         text8        000000
__Ltext9                                                         text9        000000
__S0                                                             (abs)        30000E
__S1                                                             (abs)        000179
__S2                                                             (abs)        000000
___awdiv                                                         text23       00290A
___awdiv@counter                                                 cstackCOMRAM 00002C
___awdiv@dividend                                                cstackCOMRAM 000028
___awdiv@divisor                                                 cstackCOMRAM 00002A
___awdiv@quotient                                                cstackCOMRAM 00002E
___awdiv@sign                                                    cstackCOMRAM 00002D
___awmod                                                         text8        002A32
___awmod@counter                                                 cstackCOMRAM 000026
___awmod@dividend                                                cstackCOMRAM 000022
___awmod@divisor                                                 cstackCOMRAM 000024
___awmod@sign                                                    cstackCOMRAM 000027
___awtoft                                                        text25       002D78
___awtoft@c                                                      cstackCOMRAM 00002A
___awtoft@sign                                                   cstackCOMRAM 00002D
___ftadd                                                         text16       001940
___ftadd@exp1                                                    cstackBANK0  00009E
___ftadd@exp2                                                    cstackBANK0  00009D
___ftadd@f1                                                      cstackBANK0  000093
___ftadd@f2                                                      cstackBANK0  000096
___ftadd@sign                                                    cstackBANK0  00009C
___ftdiv                                                         text24       001FEC
___ftdiv@cntr                                                    cstackBANK0  000092
___ftdiv@exp                                                     cstackBANK0  000096
___ftdiv@f1                                                      cstackBANK0  000089
___ftdiv@f2                                                      cstackBANK0  00008C
___ftdiv@f3                                                      cstackBANK0  000093
___ftdiv@sign                                                    cstackBANK0  000097
___ftge                                                          text18       00286E
___ftge@ff1                                                      cstackCOMRAM 000022
___ftge@ff2                                                      cstackCOMRAM 000025
___ftmul                                                         text7        00239A
___ftmul@cntr                                                    cstackBANK0  000087
___ftmul@exp                                                     cstackBANK0  000083
___ftmul@f1                                                      cstackCOMRAM 000036
___ftmul@f2                                                      cstackCOMRAM 000039
___ftmul@f3_as_product                                           cstackBANK0  000084
___ftmul@sign                                                    cstackBANK0  000088
___ftneg                                                         text17       002E12
___ftneg@f1                                                      cstackCOMRAM 000022
___ftpack                                                        text26       0027AA
___ftpack@arg                                                    cstackCOMRAM 000022
___ftpack@exp                                                    cstackCOMRAM 000025
___ftpack@sign                                                   cstackCOMRAM 000026
___ftsub                                                         text15       002D26
___ftsub@f1                                                      cstackBANK0  00009F
___ftsub@f2                                                      cstackBANK0  0000A2
___fttol                                                         text14       002132
___fttol@exp1                                                    cstackBANK0  00009E
___fttol@f1                                                      cstackBANK0  000090
___fttol@lval                                                    cstackBANK0  00009A
___fttol@sign1                                                   cstackBANK0  000099
___inthi_sp                                                      stack        000000
___intlo_sp                                                      stack        000000
___lldiv                                                         text13       0029A2
___lldiv@counter                                                 cstackCOMRAM 00002E
___lldiv@dividend                                                cstackCOMRAM 000022
___lldiv@divisor                                                 cstackCOMRAM 000026
___lldiv@quotient                                                cstackCOMRAM 00002A
___llmod                                                         text12       002B2E
___llmod@counter                                                 cstackCOMRAM 000037
___llmod@dividend                                                cstackCOMRAM 00002F
___llmod@divisor                                                 cstackCOMRAM 000033
___lltoft                                                        text11       002C14
___lltoft@c                                                      cstackCOMRAM 00002A
___lltoft@exp                                                    cstackCOMRAM 000032
___param_bank                                                    (abs)        000010
___rparam_used                                                   (abs)        000001
___sp                                                            stack        000000
___wmul                                                          text6        002DE8
___wmul@multiplicand                                             cstackCOMRAM 000032
___wmul@multiplier                                               cstackCOMRAM 000030
___wmul@product                                                  cstackCOMRAM 000034
__accesstop                                                      (abs)        000080
__activetblptr                                                   (abs)        000002
__cntErrataNOP_/tmp/xcX1JY8nR.obj                                (abs)        000001
__cntErrataNOP_dist/C18_18F87K22/debug/practica_VIII.X.debug.obj (abs)        000167
__div_to_l_                                                      text10       0025DC
__div_to_l_@cntr                                                 cstackCOMRAM 00002C
__div_to_l_@exp1                                                 cstackCOMRAM 00002D
__div_to_l_@f1                                                   cstackCOMRAM 000022
__div_to_l_@f2                                                   cstackCOMRAM 000025
__div_to_l_@quot                                                 cstackCOMRAM 000028
__end_of_ConfigureOscillator                                     text28       002E7C
__end_of_INFO                                                    mediumconst  007FA1
__end_of_InitApp                                                 text27       0027AA
__end_of_MODONORMAL                                              mediumconst  007F73
__end_of_MODORAPIDO                                              mediumconst  007F7E
__end_of_MUESTREO1                                               mediumconst  007F88
__end_of_MUESTREO2                                               mediumconst  007F92
__end_of_MUESTREO3                                               mediumconst  007F9C
__end_of_VISUALIZACION1                                          mediumconst  007F4A
__end_of_VISUALIZACION2                                          mediumconst  007F59
__end_of_VISUALIZACION3                                          mediumconst  007F68
__end_of___awdiv                                                 text23       0029A2
__end_of___awmod                                                 text8        002AB6
__end_of___awtoft                                                text25       002DB6
__end_of___ftadd                                                 text16       001BD0
__end_of___ftdiv                                                 text24       002132
__end_of___ftge                                                  text18       00290A
__end_of___ftmul                                                 text7        0024CA
__end_of___ftneg                                                 text17       002E3C
__end_of___ftpack                                                text26       00286E
__end_of___ftsub                                                 text15       002D78
__end_of___fttol                                                 text14       002266
__end_of___lldiv                                                 text13       002A32
__end_of___llmod                                                 text12       002BA2
__end_of___lltoft                                                text11       002C78
__end_of___wmul                                                  text6        002E12
__end_of__div_to_l_                                              text10       0026E4
__end_of__initialization                                         cinit        002C06
__end_of__npowers_                                               mediumconst  007E5A
__end_of__powers_                                                mediumconst  007E81
__end_of__tdiv_to_l_                                             text9        0025DC
__end_of_canal2                                                  mediumconst  007EAB
__end_of_conversionADMues                                        text22       001FEC
__end_of_dpowers                                                 mediumconst  007E33
__end_of_enviarTrama                                             text21       002B2E
__end_of_enviarTramaSE                                           text20       002DE8
__end_of_estadoactualnormal                                      mediumconst  007EE2
__end_of_estadoactualrapido                                      mediumconst  007EFA
__end_of_fround                                                  text5        001E40
__end_of_hexpowers                                               mediumconst  007EA1
__end_of_high_isr                                                intcode_body 00239A
__end_of_isdigit                                                 text4        002E60
__end_of_ledestado                                               text19       002CD2
__end_of_low_isr                                                 intcodelo    0000AA
__end_of_main                                                    text0        0014DE
__end_of_muestreonoaplica                                        mediumconst  007F3B
__end_of_noreconocido                                            mediumconst  007F28
__end_of_saludo                                                  mediumconst  007ECA
__end_of_scale                                                   text3        001940
__end_of_sprintf                                                 text2        000DD8
__end_of_strcmp                                                  text1        002D26
__end_of_visualizacionnoaplica                                   mediumconst  007F12
__initialization                                                 cinit        002BA2
__mediumconst                                                    mediumconst  007E0A
__npowers_                                                       mediumconst  007E33
__pbssBANK0                                                      bssBANK0     0000B5
__pbssBANK1                                                      bssBANK1     000100
__pbssCOMRAM                                                     bssCOMRAM    00003C
__pcinit                                                         cinit        002BA2
__pcstackBANK0                                                   cstackBANK0  000080
__pcstackBANK1                                                   cstackBANK1  00015F
__pcstackCOMRAM                                                  cstackCOMRAM 000001
__pdataBANK0                                                     dataBANK0    0000E6
__pdataCOMRAM                                                    dataCOMRAM   000057
__pidataBANK0                                                    idataBANK0   002E60
__pidataCOMRAM                                                   idataCOMRAM  002E70
__pintcode                                                       intcode      000008
__pintcode_body                                                  intcode_body 002266
__pintcodelo                                                     intcodelo    000018
__pmediumconst                                                   mediumconst  007E0A
__powers_                                                        mediumconst  007E5A
__ptext0                                                         text0        000DD8
__ptext1                                                         text1        002CD2
__ptext10                                                        text10       0025DC
__ptext11                                                        text11       002C14
__ptext12                                                        text12       002B2E
__ptext13                                                        text13       0029A2
__ptext14                                                        text14       002132
__ptext15                                                        text15       002D26
__ptext16                                                        text16       001940
__ptext17                                                        text17       002E12
__ptext18                                                        text18       00286E
__ptext19                                                        text19       002C78
__ptext2                                                         text2        0000AE
__ptext20                                                        text20       002DB6
__ptext21                                                        text21       002AB6
__ptext22                                                        text22       001E40
__ptext23                                                        text23       00290A
__ptext24                                                        text24       001FEC
__ptext25                                                        text25       002D78
__ptext26                                                        text26       0027AA
__ptext27                                                        text27       0026E4
__ptext28                                                        text28       002E76
__ptext3                                                         text3        0014DE
__ptext4                                                         text4        002E3C
__ptext5                                                         text5        001BD0
__ptext6                                                         text6        002DE8
__ptext7                                                         text7        00239A
__ptext8                                                         text8        002A32
__ptext9                                                         text9        0024CA
__ramtop                                                         ramtop       000600
__size_of_ConfigureOscillator                                    (abs)        000000
__size_of_InitApp                                                (abs)        000000
__size_of___awdiv                                                (abs)        000000
__size_of___awmod                                                (abs)        000000
__size_of___awtoft                                               (abs)        000000
__size_of___ftadd                                                (abs)        000000
__size_of___ftdiv                                                (abs)        000000
__size_of___ftge                                                 (abs)        000000
__size_of___ftmul                                                (abs)        000000
__size_of___ftneg                                                (abs)        000000
__size_of___ftpack                                               (abs)        000000
__size_of___ftsub                                                (abs)        000000
__size_of___fttol                                                (abs)        000000
__size_of___lldiv                                                (abs)        000000
__size_of___llmod                                                (abs)        000000
__size_of___lltoft                                               (abs)        000000
__size_of___wmul                                                 (abs)        000000
__size_of__div_to_l_                                             (abs)        000000
__size_of__tdiv_to_l_                                            (abs)        000000
__size_of_conversionADMues                                       (abs)        000000
__size_of_enviarTrama                                            (abs)        000000
__size_of_enviarTramaSE                                          (abs)        000000
__size_of_fround                                                 (abs)        000000
__size_of_high_isr                                               (abs)        000000
__size_of_isdigit                                                (abs)        000000
__size_of_ledestado                                              (abs)        000000
__size_of_low_isr                                                (abs)        000000
__size_of_main                                                   (abs)        000000
__size_of_scale                                                  (abs)        000000
__size_of_sprintf                                                (abs)        000000
__size_of_strcmp                                                 (abs)        000000
__smallconst                                                     smallconst   000000
__tdiv_to_l_                                                     text9        0024CA
__tdiv_to_l_@cntr                                                cstackCOMRAM 00002F
__tdiv_to_l_@exp1                                                cstackCOMRAM 000030
__tdiv_to_l_@f1                                                  cstackCOMRAM 000022
__tdiv_to_l_@f2                                                  cstackCOMRAM 000025
__tdiv_to_l_@quot                                                cstackCOMRAM 00002B
_a                                                               bssBANK0     0000C2
_b                                                               bssBANK0     0000C4
_bin                                                             bssBANK0     0000B5
_binnum                                                          dataBANK0    0000E6
_canal2                                                          mediumconst  007EA1
_comando                                                         bssBANK1     000146
_conversionADMues                                                text22       001E40
_conversionadc                                                   bssCOMRAM    00003E
_d                                                               bssBANK0     0000C6
_dato                                                            bssCOMRAM    000056
_dpowers                                                         mediumconst  007E0B
_e                                                               bssBANK0     0000C8
_enter                                                           bssCOMRAM    000040
_enviarTrama                                                     text21       002AB6
_enviarTramaSE                                                   text20       002DB6
_estadoactualnormal                                              mediumconst  007ECA
_estadoactualrapido                                              mediumconst  007EE2
_fround                                                          text5        001BD0
_fround$2070                                                     cstackBANK0  00008F
_fround$2071                                                     cstackBANK0  00008C
_g                                                               bssBANK0     0000CA
_h0                                                              bssBANK0     0000CC
_h1                                                              bssBANK0     0000CE
_h2                                                              bssBANK0     0000D0
_hexpowers                                                       mediumconst  007E81
_high_isr                                                        intcode      000008
_i                                                               bssCOMRAM    000042
_info                                                            dataBANK0    0000E8
_isdigit                                                         text4        002E3C
_isdigit$1743                                                    cstackCOMRAM 000023
_led                                                             bssCOMRAM    000044
_ledestado                                                       text19       002C78
_low_isr                                                         intcodelo    000018
_main                                                            text0        000DD8
_modo                                                            bssBANK0     0000D2
_modoestado                                                      bssCOMRAM    000046
_muestreo                                                        bssCOMRAM    000048
_muestreo1                                                       dataBANK0    0000EA
_muestreo2                                                       dataBANK0    0000EC
_muestreo3                                                       dataBANK0    0000EE
_muestreonoaplica                                                mediumconst  007F28
_n                                                               bssBANK0     0000D4
_noreconocido                                                    mediumconst  007F12
_promedio                                                        bssCOMRAM    00004A
_promedio1                                                       bssBANK0     0000D6
_promedio2                                                       bssBANK0     0000D8
_promedio3                                                       bssBANK0     0000DA
_promediovolt1                                                   bssBANK0     0000BF
_promediovolt2                                                   bssBANK0     0000DC
_promediovolt3                                                   bssBANK0     0000DE
_resultadoadc                                                    bssCOMRAM    00004C
_salida                                                          bssBANK1     000128
_saludo                                                          mediumconst  007EAB
_scale                                                           text3        0014DE
_scale$2072                                                      cstackBANK0  00008C
_sprintf                                                         text2        0000AE
_sprintf$2073                                                    cstackBANK1  00015F
_strcmp                                                          text1        002CD2
_suma0                                                           bssCOMRAM    00004E
_suma1                                                           bssCOMRAM    000050
_suma2                                                           bssCOMRAM    000052
_tam                                                             bssBANK1     000100
_tama                                                            bssCOMRAM    000054
_tmues                                                           dataCOMRAM   000059
_tvis                                                            dataCOMRAM   00005B
_tvisualizacion                                                  bssBANK0     0000E0
_unSegundo                                                       bssBANK0     0000E2
_visualizacion                                                   bssBANK0     0000E4
_visualizacion1                                                  dataBANK0    0000F0
_visualizacion2                                                  dataBANK0    0000F2
_visualizacion3                                                  dataBANK0    0000F4
_visualizacionnoaplica                                           mediumconst  007EFA
btemp                                                            temp         00005D
conversionADMues@canal                                           cstackCOMRAM 000030
conversionADMues@i                                               cstackCOMRAM 000032
conversionADMues@i_608                                           cstackCOMRAM 000034
conversionADMues@i_609                                           cstackCOMRAM 000036
end_of_initialization                                            cinit        002C06
enviarTrama@datos                                                cstackCOMRAM 000022
enviarTramaSE@datos                                              cstackCOMRAM 000022
fround@prec                                                      cstackBANK0  000092
int$flags                                                        temp         00005D
int_func                                                         intcode_body 002266
intlevel0                                                        text         002E7C
intlevel1                                                        text         002E7C
intlevel2                                                        text         002E7C
intlevel3                                                        text         002E7C
isdigit@c                                                        cstackCOMRAM 000024
ledestado@tiempoled                                              cstackCOMRAM 000022
scale@scl                                                        cstackBANK0  00008F
sprintf@ap                                                       cstackBANK1  000163
sprintf@c                                                        cstackBANK1  000178
sprintf@exp                                                      cstackBANK1  00016D
sprintf@f                                                        cstackBANK0  0000A7
sprintf@flag                                                     cstackBANK1  000173
sprintf@fval                                                     cstackBANK1  000175
sprintf@idx                                                      cstackBANK1  000162
sprintf@prec                                                     cstackBANK1  000165
sprintf@sp                                                       cstackBANK0  0000A5
sprintf@tmpval                                                   cstackBANK1  000167
sprintf@val                                                      cstackBANK1  00016F
sprintf@width                                                    cstackBANK1  00016B
stackhi                                                          (abs)        0005FF
stacklo                                                          (abs)        000179
start                                                            init         0000AA
start_initialization                                             cinit        002BA2
strcmp@r                                                         cstackCOMRAM 000027
strcmp@s1                                                        cstackCOMRAM 000022
strcmp@s2                                                        cstackCOMRAM 000024


FUNCTION INFORMATION:

 *************** function _main *****************
 Defined at:
		line 103 in file "main.c"
 Parameters:    Size  Location     Type
		None
 Auto vars:     Size  Location     Type
		None
 Return value:  Size  Location     Type
                  1    wreg      void 
 Registers used:
		wreg, fsr0l, fsr0h, fsr2l, fsr2h, status,2, status,0, tblptrl, tblptrh, tblptru, prodl, prodh, cstack
 Tracked objects:
		On entry : 
		On exit  : 
		Unchanged: 
 Data sizes:     COMRAM   BANK0   BANK1   BANK2   BANK3   BANK4   BANK5
      Params:         0       0       0       0       0       0       0
      Locals:         0       0       0       0       0       0       0
      Temps:          0       3       0       0       0       0       0
      Totals:         0       3       0       0       0       0       0
Total ram usage:        3 bytes
 Hardware stack levels required when called:    6
 This function calls:
		_ConfigureOscillator
		_InitApp
		___awtoft
		___ftdiv
		___ftmul
		___wmul
		_conversionADMues
		_enviarTrama
		_enviarTramaSE
		_ledestado
		_sprintf
		_strcmp
 This function is called by:
		Startup code after reset
 This function uses a non-reentrant model


 *************** function _strcmp *****************
 Defined at:
		line 33 in file "/opt/microchip/xc8/v1.38/sources/common/strcmp.c"
 Parameters:    Size  Location     Type
  s1              2   33[COMRAM] PTR const unsigned char 
		 -> comando(25), 
  s2              2   35[COMRAM] PTR const unsigned char 
		 -> INFO(5), VISUALIZACION3(15), VISUALIZACION2(15), VISUALIZACION1(15), 
		 -> MUESTREO3(10), MUESTREO2(10), MUESTREO1(10), MODORAPIDO(11), 
		 -> MODONORMAL(11), 
 Auto vars:     Size  Location     Type
  r               1   38[COMRAM] char 
 Return value:  Size  Location     Type
                  2   33[COMRAM] int 
 Registers used:
		wreg, fsr2l, fsr2h, status,2, status,0, tblptrl, tblptrh, tblptru
 Tracked objects:
		On entry : 
		On exit  : 
		Unchanged: 
 Data sizes:     COMRAM   BANK0   BANK1   BANK2   BANK3   BANK4   BANK5
      Params:         4       0       0       0       0       0       0
      Locals:         1       0       0       0       0       0       0
      Temps:          1       0       0       0       0       0       0
      Totals:         6       0       0       0       0       0       0
Total ram usage:        6 bytes
 Hardware stack levels used:    1
 Hardware stack levels required when called:    2
 This function calls:
		Nothing
 This function is called by:
		_main
 This function uses a non-reentrant model


 *************** function _sprintf *****************
 Defined at:
		line 492 in file "/opt/microchip/xc8/v1.38/sources/common/doprnt.c"
 Parameters:    Size  Location     Type
  sp              2   37[BANK0 ] PTR unsigned char 
		 -> salida(30), 
  f               2   39[BANK0 ] PTR const unsigned char 
		 -> STR_6(3), STR_5(21), STR_4(16), STR_3(21), 
		 -> STR_2(16), STR_1(3), 
 Auto vars:     Size  Location     Type
  idx             1    3[BANK1 ] unsigned char 
  val             4   16[BANK1 ] unsigned long 
  tmpval          4    8[BANK1 ] struct .
  fval            3   22[BANK1 ] struct .
  cp              3    0        PTR const unsigned char 
  flag            2   20[BANK1 ] unsigned short 
  exp             2   14[BANK1 ] int 
  width           2   12[BANK1 ] int 
  prec            2    6[BANK1 ] int 
  ap              2    4[BANK1 ] PTR void [1]
		 -> ?_sprintf(2), 
  len             2    0        unsigned int 
  c               1   25[BANK1 ] char 
  d               1    0        unsigned char 
 Return value:  Size  Location     Type
                  2   37[BANK0 ] int 
 Registers used:
		wreg, fsr2l, fsr2h, status,2, status,0, tblptrl, tblptrh, tblptru, prodl, prodh, cstack
 Tracked objects:
		On entry : 
		On exit  : 
		Unchanged: 
 Data sizes:     COMRAM   BANK0   BANK1   BANK2   BANK3   BANK4   BANK5
      Params:         0       7       0       0       0       0       0
      Locals:         0       0      26       0       0       0       0
      Temps:          0       6       0       0       0       0       0
      Totals:         0      13      26       0       0       0       0
Total ram usage:       39 bytes
 Hardware stack levels used:    1
 Hardware stack levels required when called:    5
 This function calls:
		___awdiv
		___ftadd
		___ftge
		___ftmul
		___ftneg
		___ftsub
		___fttol
		___lldiv
		___llmod
		___lltoft
		___wmul
		__div_to_l_
		__tdiv_to_l_
		_fround
		_isdigit
		_scale
 This function is called by:
		_main
 This function uses a non-reentrant model


 *************** function _scale *****************
 Defined at:
		line 425 in file "/opt/microchip/xc8/v1.38/sources/common/doprnt.c"
 Parameters:    Size  Location     Type
  scl             1    wreg     char 
 Auto vars:     Size  Location     Type
  scl             1   15[BANK0 ] char 
 Return value:  Size  Location     Type
                  3    9[BANK0 ] char 
 Registers used:
		wreg, status,2, status,0, tblptrl, tblptrh, tblptru, prodl, prodh, cstack
 Tracked objects:
		On entry : 
		On exit  : 
		Unchanged: 
 Data sizes:     COMRAM   BANK0   BANK1   BANK2   BANK3   BANK4   BANK5
      Params:         0       3       0       0       0       0       0
      Locals:         0       4       0       0       0       0       0
      Temps:          0       0       0       0       0       0       0
      Totals:         0       7       0       0       0       0       0
Total ram usage:        7 bytes
 Hardware stack levels used:    1
 Hardware stack levels required when called:    4
 This function calls:
		___awdiv
		___awmod
		___ftmul
		___wmul
 This function is called by:
		_sprintf
 This function uses a non-reentrant model


 *************** function _isdigit *****************
 Defined at:
		line 8 in file "/opt/microchip/xc8/v1.38/sources/common/isdigit.c"
 Parameters:    Size  Location     Type
  c               1    wreg     unsigned char 
 Auto vars:     Size  Location     Type
  c               1   35[COMRAM] unsigned char 
 Return value:  Size  Location     Type
		None               void
 Registers used:
		wreg, status,2, status,0
 Tracked objects:
		On entry : 
		On exit  : 
		Unchanged: 
 Data sizes:     COMRAM   BANK0   BANK1   BANK2   BANK3   BANK4   BANK5
      Params:         0       0       0       0       0       0       0
      Locals:         2       0       0       0       0       0       0
      Temps:          1       0       0       0       0       0       0
      Totals:         3       0       0       0       0       0       0
Total ram usage:        3 bytes
 Hardware stack levels used:    1
 Hardware stack levels required when called:    2
 This function calls:
		Nothing
 This function is called by:
		_sprintf
 This function uses a non-reentrant model


 *************** function _fround *****************
 Defined at:
		line 409 in file "/opt/microchip/xc8/v1.38/sources/common/doprnt.c"
 Parameters:    Size  Location     Type
  prec            1    wreg     unsigned char 
 Auto vars:     Size  Location     Type
  prec            1   18[BANK0 ] unsigned char 
 Return value:  Size  Location     Type
                  3    9[BANK0 ] unsigned char 
 Registers used:
		wreg, status,2, status,0, tblptrl, tblptrh, tblptru, prodl, prodh, cstack
 Tracked objects:
		On entry : 
		On exit  : 
		Unchanged: 
 Data sizes:     COMRAM   BANK0   BANK1   BANK2   BANK3   BANK4   BANK5
      Params:         0       3       0       0       0       0       0
      Locals:         0       7       0       0       0       0       0
      Temps:          0       0       0       0       0       0       0
      Totals:         0      10       0       0       0       0       0
Total ram usage:       10 bytes
 Hardware stack levels used:    1
 Hardware stack levels required when called:    4
 This function calls:
		___awdiv
		___awmod
		___ftmul
		___wmul
 This function is called by:
		_sprintf
 This function uses a non-reentrant model


 *************** function ___wmul *****************
 Defined at:
		line 15 in file "/opt/microchip/xc8/v1.38/sources/common/Umul16.c"
 Parameters:    Size  Location     Type
  multiplier      2   47[COMRAM] unsigned int 
  multiplicand    2   49[COMRAM] unsigned int 
 Auto vars:     Size  Location     Type
  product         2   51[COMRAM] unsigned int 
 Return value:  Size  Location     Type
                  2   47[COMRAM] unsigned int 
 Registers used:
		wreg, status,2, status,0, prodl, prodh
 Tracked objects:
		On entry : 
		On exit  : 
		Unchanged: 
 Data sizes:     COMRAM   BANK0   BANK1   BANK2   BANK3   BANK4   BANK5
      Params:         4       0       0       0       0       0       0
      Locals:         2       0       0       0       0       0       0
      Temps:          0       0       0       0       0       0       0
      Totals:         6       0       0       0       0       0       0
Total ram usage:        6 bytes
 Hardware stack levels used:    1
 Hardware stack levels required when called:    2
 This function calls:
		Nothing
 This function is called by:
		_main
		_fround
		_scale
		_sprintf
 This function uses a non-reentrant model


 *************** function ___ftmul *****************
 Defined at:
		line 62 in file "/opt/microchip/xc8/v1.38/sources/common/ftmul.c"
 Parameters:    Size  Location     Type
  f1              3   53[COMRAM] float 
  f2              3   56[COMRAM] float 
 Auto vars:     Size  Location     Type
  f3_as_produc    3    4[BANK0 ] unsigned um
  sign            1    8[BANK0 ] unsigned char 
  cntr            1    7[BANK0 ] unsigned char 
  exp             1    3[BANK0 ] unsigned char 
 Return value:  Size  Location     Type
                  3   53[COMRAM] float 
 Registers used:
		wreg, status,2, status,0, cstack
 Tracked objects:
		On entry : 
		On exit  : 
		Unchanged: 
 Data sizes:     COMRAM   BANK0   BANK1   BANK2   BANK3   BANK4   BANK5
      Params:         6       0       0       0       0       0       0
      Locals:         0       6       0       0       0       0       0
      Temps:          0       3       0       0       0       0       0
      Totals:         6       9       0       0       0       0       0
Total ram usage:       15 bytes
 Hardware stack levels used:    1
 Hardware stack levels required when called:    3
 This function calls:
		___ftpack
 This function is called by:
		_main
		_fround
		_scale
		_sprintf
 This function uses a non-reentrant model


 *************** function ___awmod *****************
 Defined at:
		line 8 in file "/opt/microchip/xc8/v1.38/sources/common/awmod.c"
 Parameters:    Size  Location     Type
  dividend        2   33[COMRAM] int 
  divisor         2   35[COMRAM] int 
 Auto vars:     Size  Location     Type
  sign            1   38[COMRAM] unsigned char 
  counter         1   37[COMRAM] unsigned char 
 Return value:  Size  Location     Type
                  2   33[COMRAM] int 
 Registers used:
		wreg, status,2, status,0
 Tracked objects:
		On entry : 
		On exit  : 
		Unchanged: 
 Data sizes:     COMRAM   BANK0   BANK1   BANK2   BANK3   BANK4   BANK5
      Params:         4       0       0       0       0       0       0
      Locals:         2       0       0       0       0       0       0
      Temps:          0       0       0       0       0       0       0
      Totals:         6       0       0       0       0       0       0
Total ram usage:        6 bytes
 Hardware stack levels used:    1
 Hardware stack levels required when called:    2
 This function calls:
		Nothing
 This function is called by:
		_fround
		_scale
 This function uses a non-reentrant model


 *************** function __tdiv_to_l_ *****************
 Defined at:
		line 60 in file "/opt/microchip/xc8/v1.38/sources/common/ftdivl.c"
 Parameters:    Size  Location     Type
  f1              3   33[COMRAM] float 
  f2              3   36[COMRAM] float 
 Auto vars:     Size  Location     Type
  quot            4   42[COMRAM] unsigned long 
  exp1            1   47[COMRAM] unsigned char 
  cntr            1   46[COMRAM] unsigned char 
 Return value:  Size  Location     Type
                  4   33[COMRAM] unsigned long 
 Registers used:
		wreg, status,2, status,0
 Tracked objects:
		On entry : 
		On exit  : 
		Unchanged: 
 Data sizes:     COMRAM   BANK0   BANK1   BANK2   BANK3   BANK4   BANK5
      Params:         6       0       0       0       0       0       0
      Locals:         6       0       0       0       0       0       0
      Temps:          3       0       0       0       0       0       0
      Totals:        15       0       0       0       0       0       0
Total ram usage:       15 bytes
 Hardware stack levels used:    1
 Hardware stack levels required when called:    2
 This function calls:
		Nothing
 This function is called by:
		_sprintf
 This function uses a non-reentrant model


 *************** function __div_to_l_ *****************
 Defined at:
		line 60 in file "/opt/microchip/xc8/v1.38/sources/common/fldivl.c"
 Parameters:    Size  Location     Type
  f1              3   33[COMRAM] unsigned long 
  f2              3   36[COMRAM] unsigned long 
 Auto vars:     Size  Location     Type
  quot            4   39[COMRAM] unsigned long 
  exp1            1   44[COMRAM] unsigned char 
  cntr            1   43[COMRAM] unsigned char 
 Return value:  Size  Location     Type
                  4   33[COMRAM] unsigned long 
 Registers used:
		wreg, status,2, status,0
 Tracked objects:
		On entry : 
		On exit  : 
		Unchanged: 
 Data sizes:     COMRAM   BANK0   BANK1   BANK2   BANK3   BANK4   BANK5
      Params:         6       0       0       0       0       0       0
      Locals:         6       0       0       0       0       0       0
      Temps:          0       0       0       0       0       0       0
      Totals:        12       0       0       0       0       0       0
Total ram usage:       12 bytes
 Hardware stack levels used:    1
 Hardware stack levels required when called:    2
 This function calls:
		Nothing
 This function is called by:
		_sprintf
[...]
		None
 Return value:  Size  Location     Type
                  3   33[COMRAM] float 
 Registers used:
		wreg, status,2, status,0
 Tracked objects:
		On entry : 
		On exit  : 
		Unchanged: 
 Data sizes:     COMRAM   BANK0   BANK1   BANK2   BANK3   BANK4   BANK5
      Params:         3       0       0       0       0       0       0
      Locals:         0       0       0       0       0       0       0
      Temps:          0       0       0       0       0       0       0
      Totals:         3       0       0       0       0       0       0
Total ram usage:        3 bytes
 Hardware stack levels used:    1
 Hardware stack levels required when called:    2
 This function calls:
		Nothing
 This function is called by:
		_sprintf
 This function uses a non-reentrant model


 *************** function ___ftge *****************
 Defined at:
		line 4 in file "/opt/microchip/xc8/v1.38/sources/common/ftge.c"
 Parameters:    Size  Location     Type
  ff1             3   33[COMRAM] float 
  ff2             3   36[COMRAM] float 
 Auto vars:     Size  Location     Type
		None
 Return value:  Size  Location     Type
		None               void
 Registers used:
		wreg, status,2, status,0
 Tracked objects:
		On entry : 
		On exit  : 
		Unchanged: 
 Data sizes:     COMRAM   BANK0   BANK1   BANK2   BANK3   BANK4   BANK5
      Params:         6       0       0       0       0       0       0
      Locals:         0       0       0       0       0       0       0
      Temps:          3       0       0       0       0       0       0
      Totals:         9       0       0       0       0       0       0
Total ram usage:        9 bytes
 Hardware stack levels used:    1
 Hardware stack levels required when called:    2
 This function calls:
		Nothing
 This function is called by:
		_sprintf
 This function uses a non-reentrant model


 *************** function _ledestado *****************
 Defined at:
		line 265 in file "main.c"
 Parameters:    Size  Location     Type
  tiempoled       2   33[COMRAM] int 
 Auto vars:     Size  Location     Type
		None
 Return value:  Size  Location     Type
                  1    wreg      void 
 Registers used:
		wreg, status,2, status,0
 Tracked objects:
		On entry : 
		On exit  : 
		Unchanged: 
 Data sizes:     COMRAM   BANK0   BANK1   BANK2   BANK3   BANK4   BANK5
      Params:         2       0       0       0       0       0       0
      Locals:         0       0       0       0       0       0       0
      Temps:          1       0       0       0       0       0       0
      Totals:         3       0       0       0       0       0       0
Total ram usage:        3 bytes
 Hardware stack levels used:    1
 Hardware stack levels required when called:    2
 This function calls:
		Nothing
 This function is called by:
		_main
 This function uses a non-reentrant model


 *************** function _enviarTramaSE *****************
 Defined at:
		line 297 in file "main.c"
 Parameters:    Size  Location     Type
  datos           2   33[COMRAM] PTR unsigned char 
		 -> salida(30), 
 Auto vars:     Size  Location     Type
		None
 Return value:  Size  Location     Type
                  1    wreg      void 
 Registers used:
		wreg, fsr2l, fsr2h, status,2, status,0
 Tracked objects:
		On entry : 
		On exit  : 
		Unchanged: 
 Data sizes:     COMRAM   BANK0   BANK1   BANK2   BANK3   BANK4   BANK5
      Params:         2       0       0       0       0       0       0
      Locals:         0       0       0       0       0       0       0
      Temps:          0       0       0       0       0       0       0
      Totals:         2       0       0       0       0       0       0
Total ram usage:        2 bytes
 Hardware stack levels used:    1
 Hardware stack levels required when called:    2
 This function calls:
		Nothing
 This function is called by:
		_main
 This function uses a non-reentrant model


 *************** function _enviarTrama *****************
 Defined at:
		line 279 in file "main.c"
 Parameters:    Size  Location     Type
  datos           2   33[COMRAM] PTR unsigned char 
		 -> visualizacionnoaplica(24), muestreonoaplica(19), estadoactualrapido(24), estadoactualnormal(24), 
		 -> salida(30), noreconocido(22), saludo(31), comando(25), 
 Auto vars:     Size  Location     Type
		None
 Return value:  Size  Location     Type
                  1    wreg      void 
 Registers used:
		wreg, fsr0l, fsr0h, status,2, status,0, tblptrl, tblptrh, tblptru
 Tracked objects:
		On entry : 
		On exit  : 
		Unchanged: 
 Data sizes:     COMRAM   BANK0   BANK1   BANK2   BANK3   BANK4   BANK5
      Params:         2       0       0       0       0       0       0
      Locals:         0       0       0       0       0       0       0
      Temps:          0       0       0       0       0       0       0
      Totals:         2       0       0       0       0       0       0
Total ram usage:        2 bytes
 Hardware stack levels used:    1
 Hardware stack levels required when called:    2
 This function calls:
		Nothing
 This function is called by:
		_main
 This function uses a non-reentrant model


 *************** function _conversionADMues *****************
 Defined at:
		line 313 in file "main.c"
 Parameters:    Size  Location     Type
  canal           2   47[COMRAM] int 
 Auto vars:     Size  Location     Type
  i               2   53[COMRAM] int 
  i               2   51[COMRAM] int 
  i               2   49[COMRAM] int 
 Return value:  Size  Location     Type
                  2   47[COMRAM] int 
 Registers used:
		wreg, status,2, status,0, cstack
 Tracked objects:
		On entry : 
		On exit  : 
		Unchanged: 
 Data sizes:     COMRAM   BANK0   BANK1   BANK2   BANK3   BANK4   BANK5
      Params:         2       0       0       0       0       0       0
      Locals:         6       0       0       0       0       0       0
      Temps:          0       0       0       0       0       0       0
      Totals:         8       0       0       0       0       0       0
Total ram usage:        8 bytes
 Hardware stack levels used:    1
 Hardware stack levels required when called:    3
 This function calls:
		___awdiv
 This function is called by:
		_main
 This function uses a non-reentrant model


 *************** function ___awdiv *****************
 Defined at:
		line 8 in file "/opt/microchip/xc8/v1.38/sources/common/awdiv.c"
 Parameters:    Size  Location     Type
  dividend        2   39[COMRAM] int 
  divisor         2   41[COMRAM] int 
 Auto vars:     Size  Location     Type
  quotient        2   45[COMRAM] int 
  sign            1   44[COMRAM] unsigned char 
  counter         1   43[COMRAM] unsigned char 
 Return value:  Size  Location     Type
                  2   39[COMRAM] int 
 Registers used:
		wreg, status,2, status,0
 Tracked objects:
		On entry : 
		On exit  : 
		Unchanged: 
 Data sizes:     COMRAM   BANK0   BANK1   BANK2   BANK3   BANK4   BANK5
      Params:         4       0       0       0       0       0       0
      Locals:         4       0       0       0       0       0       0
      Temps:          0       0       0       0       0       0       0
      Totals:         8       0       0       0       0       0       0
Total ram usage:        8 bytes
 Hardware stack levels used:    1
 Hardware stack levels required when called:    2
 This function calls:
		Nothing
 This function is called by:
		_conversionADMues
		_fround
		_scale
		_sprintf
 This function uses a non-reentrant model


 *************** function ___ftdiv *****************
 Defined at:
		line 54 in file "/opt/microchip/xc8/v1.38/sources/common/ftdiv.c"
 Parameters:    Size  Location     Type
  f1              3    9[BANK0 ] float 
  f2              3   12[BANK0 ] float 
 Auto vars:     Size  Location     Type
  f3              3   19[BANK0 ] float 
  sign            1   23[BANK0 ] unsigned char 
  exp             1   22[BANK0 ] unsigned char 
  cntr            1   18[BANK0 ] unsigned char 
 Return value:  Size  Location     Type
                  3    9[BANK0 ] float 
 Registers used:
		wreg, status,2, status,0, cstack
 Tracked objects:
		On entry : 
		On exit  : 
		Unchanged: 
 Data sizes:     COMRAM   BANK0   BANK1   BANK2   BANK3   BANK4   BANK5
      Params:         0       6       0       0       0       0       0
      Locals:         0       6       0       0       0       0       0
      Temps:          0       3       0       0       0       0       0
      Totals:         0      15       0       0       0       0       0
Total ram usage:       15 bytes
 Hardware stack levels used:    1
 Hardware stack levels required when called:    3
 This function calls:
		___ftpack
 This function is called by:
		_main
 This function uses a non-reentrant model


 *************** function ___awtoft *****************
 Defined at:
		line 32 in file "/opt/microchip/xc8/v1.38/sources/common/awtoft.c"
 Parameters:    Size  Location     Type
  c               2   41[COMRAM] int 
 Auto vars:     Size  Location     Type
  sign            1   44[COMRAM] unsigned char 
 Return value:  Size  Location     Type
                  3   41[COMRAM] float 
 Registers used:
		wreg, status,2, status,0, cstack
 Tracked objects:
		On entry : 
		On exit  : 
		Unchanged: 
 Data sizes:     COMRAM   BANK0   BANK1   BANK2   BANK3   BANK4   BANK5
      Params:         3       0       0       0       0       0       0
      Locals:         1       0       0       0       0       0       0
      Temps:          0       0       0       0       0       0       0
      Totals:         4       0       0       0       0       0       0
Total ram usage:        4 bytes
 Hardware stack levels used:    1
 Hardware stack levels required when called:    3
 This function calls:
		___ftpack
 This function is called by:
		_main
 This function uses a non-reentrant model


 *************** function ___ftpack *****************
 Defined at:
		line 62 in file "/opt/microchip/xc8/v1.38/sources/common/float.c"
 Parameters:    Size  Location     Type
  arg             3   33[COMRAM] unsigned um
  exp             1   36[COMRAM] unsigned char 
  sign            1   37[COMRAM] unsigned char 
 Auto vars:     Size  Location     Type
		None
 Return value:  Size  Location     Type
                  3   33[COMRAM] float 
 Registers used:
		wreg, status,2, status,0
 Tracked objects:
		On entry : 
		On exit  : 
		Unchanged: 
 Data sizes:     COMRAM   BANK0   BANK1   BANK2   BANK3   BANK4   BANK5
      Params:         5       0       0       0       0       0       0
      Locals:         0       0       0       0       0       0       0
      Temps:          3       0       0       0       0       0       0
      Totals:         8       0       0       0       0       0       0
Total ram usage:        8 bytes
 Hardware stack levels used:    1
 Hardware stack levels required when called:    2
 This function calls:
		Nothing
 This function is called by:
		___awtoft
		___ftadd
		___ftdiv
		___ftmul
		___lltoft
 This function uses a non-reentrant model


 *************** function _InitApp *****************
 Defined at:
		line 29 in file "user.c"
 Parameters:    Size  Location     Type
		None
 Auto vars:     Size  Location     Type
  i               2   33[COMRAM] int 
 Return value:  Size  Location     Type
                  1    wreg      void 
 Registers used:
		wreg, status,2, status,0
 Tracked objects:
		On entry : 
		On exit  : 
		Unchanged: 
 Data sizes:     COMRAM   BANK0   BANK1   BANK2   BANK3   BANK4   BANK5
      Params:         0       0       0       0       0       0       0
      Locals:         2       0       0       0       0       0       0
      Temps:          0       0       0       0       0       0       0
      Totals:         2       0       0       0       0       0       0
Total ram usage:        2 bytes
 Hardware stack levels used:    1
 Hardware stack levels required when called:    2
 This function calls:
		Nothing
 This function is called by:
		_main
 This function uses a non-reentrant model


 *************** function _ConfigureOscillator *****************
 Defined at:
		line 24 in file "system.c"
 Parameters:    Size  Location     Type
		None
 Auto vars:     Size  Location     Type
		None
 Return value:  Size  Location     Type
                  1    wreg      void 
 Registers used:
		None
 Tracked objects:
		On entry : 
		On exit  : 
		Unchanged: 
 Data sizes:     COMRAM   BANK0   BANK1   BANK2   BANK3   BANK4   BANK5
      Params:         0       0       0       0       0       0       0
      Locals:         0       0       0       0       0       0       0
      Temps:          0       0       0       0       0       0       0
      Totals:         0       0       0       0       0       0       0
Total ram usage:        0 bytes
 Hardware stack levels used:    1
 Hardware stack levels required when called:    2
 This function calls:
		Nothing
 This function is called by:
		_main
 This function uses a non-reentrant model


 *************** function _low_isr *****************
 Defined at:
		line 94 in file "interrupts.c"
 Parameters:    Size  Location     Type
		None
 Auto vars:     Size  Location     Type
		None
 Return value:  Size  Location     Type
                  1    wreg      void 
 Registers used:
		None
 Tracked objects:
		On entry : 
		On exit  : 
		Unchanged: 
 Data sizes:     COMRAM   BANK0   BANK1   BANK2   BANK3   BANK4   BANK5
      Params:         0       0       0       0       0       0       0
      Locals:         0       0       0       0       0       0       0
      Temps:         17       0       0       0       0       0       0
      Totals:        17       0       0       0       0       0       0
Total ram usage:       17 bytes
 Hardware stack levels used:    1
 Hardware stack levels required when called:    1
 This function calls:
		Nothing
 This function is called by:
		Interrupt level 1
 This function uses a non-reentrant model


 *************** function _high_isr *****************
 Defined at:
		line 39 in file "interrupts.c"
 Parameters:    Size  Location     Type
		None
 Auto vars:     Size  Location     Type
		None
 Return value:  Size  Location     Type
                  1    wreg      void 
 Registers used:
		wreg, fsr2l, fsr2h, status,2, status,0
 Tracked objects:
		On entry : 
		On exit  : 
		Unchanged: 
 Data sizes:     COMRAM   BANK0   BANK1   BANK2   BANK3   BANK4   BANK5
      Params:         0       0       0       0       0       0       0
      Locals:         0       0       0       0       0       0       0
      Temps:         16       0       0       0       0       0       0
      Totals:        16       0       0       0       0       0       0
Total ram usage:       16 bytes
 Hardware stack levels used:    1
 This function calls:
		Nothing
 This function is called by:
		Interrupt level 2
 This function uses a non-reentrant model



MODULE INFORMATION

Module		Function		Class		Link	Load	Size
/opt/microchip/xc8/v1.38/sources/common/ftsub.c
		___ftsub       		CODE           	2D26	0000	83

/opt/microchip/xc8/v1.38/sources/common/ftsub.c estimated size: 83

/opt/microchip/xc8/v1.38/sources/common/float.c
		___ftpack      		CODE           	27AA	0000	197

/opt/microchip/xc8/v1.38/sources/common/float.c estimated size: 197

/opt/microchip/xc8/v1.38/sources/common/strcmp.c
		_strcmp        		CODE           	2CD2	0000	85

/opt/microchip/xc8/v1.38/sources/common/strcmp.c estimated size: 85

/opt/microchip/xc8/v1.38/sources/common/awmod.c
		___awmod       		CODE           	2A32	0000	133

/opt/microchip/xc8/v1.38/sources/common/awmod.c estimated size: 133

/opt/microchip/xc8/v1.38/sources/common/awtoft.c
		___awtoft      		CODE           	2D78	0000	63

/opt/microchip/xc8/v1.38/sources/common/awtoft.c estimated size: 63

/opt/microchip/xc8/v1.38/sources/common/llmod.c
		___llmod       		CODE           	2B2E	0000	117

/opt/microchip/xc8/v1.38/sources/common/llmod.c estimated size: 117

/opt/microchip/xc8/v1.38/sources/common/ftge.c
		___ftge        		CODE           	286E	0000	157

/opt/microchip/xc8/v1.38/sources/common/ftge.c estimated size: 157

/opt/microchip/xc8/v1.38/sources/common/isdigit.c
		_isdigit       		CODE           	2E3C	0000	37

/opt/microchip/xc8/v1.38/sources/common/isdigit.c estimated size: 37

interrupts.c
		_high_isr      		CODE           	0008	0000	325
		_low_isr       		CODE           	0018	0000	147

interrupts.c estimated size: 472

/opt/microchip/xc8/v1.38/sources/common/lltoft.c
		___lltoft      		CODE           	2C14	0000	101

/opt/microchip/xc8/v1.38/sources/common/lltoft.c estimated size: 101

/opt/microchip/xc8/v1.38/sources/common/ftmul.c
		___ftmul       		CODE           	239A	0000	305

/opt/microchip/xc8/v1.38/sources/common/ftmul.c estimated size: 305

/opt/microchip/xc8/v1.38/sources/common/ftdiv.c
		___ftdiv       		CODE           	1FEC	0000	327

/opt/microchip/xc8/v1.38/sources/common/ftdiv.c estimated size: 327

/opt/microchip/xc8/v1.38/sources/common/awdiv.c
		___awdiv       		CODE           	290A	0000	153

/opt/microchip/xc8/v1.38/sources/common/awdiv.c estimated size: 153

/opt/microchip/xc8/v1.38/sources/common/doprnt.c
		_scale         		CODE           	14DE	0000	1123
		_sprintf       		CODE           	00AE	0000	3371
		_fround        		CODE           	1BD0	0000	625

/opt/microchip/xc8/v1.38/sources/common/doprnt.c estimated size: 5119

/opt/microchip/xc8/v1.38/sources/common/lldiv.c
		___lldiv       		CODE           	29A2	0000	145

/opt/microchip/xc8/v1.38/sources/common/lldiv.c estimated size: 145

shared
		_visualizacionnoaplica		MEDIUMCONST    	7EFA	0000	25
		_canal2        		MEDIUMCONST    	7EA1	0000	11
		_VISUALIZACION1		MEDIUMCONST    	7F3B	0000	16
		_VISUALIZACION2		MEDIUMCONST    	7F4A	0000	16
		_VISUALIZACION3		MEDIUMCONST    	7F59	0000	16
		_noreconocido  		MEDIUMCONST    	7F12	0000	23
		__powers_      		MEDIUMCONST    	7E5A	0000	40
		_dpowers       		MEDIUMCONST    	7E0B	0000	41
		_MODONORMAL    		MEDIUMCONST    	7F68	0000	12
		_INFO          		MEDIUMCONST    	7F9C	0000	6
		__npowers_     		MEDIUMCONST    	7E33	0000	40
		_saludo        		MEDIUMCONST    	7EAB	0000	32
		__initialization		CODE           	2BA2	0000	101
		_estadoactualnormal		MEDIUMCONST    	7ECA	0000	25
		_hexpowers     		MEDIUMCONST    	7E81	0000	33
		_estadoactualrapido		MEDIUMCONST    	7EE2	0000	25
		_muestreonoaplica		MEDIUMCONST    	7F28	0000	20
		_MODORAPIDO    		MEDIUMCONST    	7F73	0000	12
		_MUESTREO1     		MEDIUMCONST    	7F7E	0000	11
		_MUESTREO2     		MEDIUMCONST    	7F88	0000	11
		_MUESTREO3     		MEDIUMCONST    	7F92	0000	11

shared estimated size: 527

/opt/microchip/xc8/v1.38/sources/common/Umul16.c
		___wmul        		CODE           	2DE8	0000	43

/opt/microchip/xc8/v1.38/sources/common/Umul16.c estimated size: 43

/opt/microchip/xc8/v1.38/sources/common/fttol.c
		___fttol       		CODE           	2132	0000	309

/opt/microchip/xc8/v1.38/sources/common/fttol.c estimated size: 309

/opt/microchip/xc8/v1.38/sources/common/ftadd.c
		___ftadd       		CODE           	1940	0000	657

/opt/microchip/xc8/v1.38/sources/common/ftadd.c estimated size: 657

/opt/microchip/xc8/v1.38/sources/common/ftdivl.c
		__tdiv_to_l_   		CODE           	24CA	0000	275

/opt/microchip/xc8/v1.38/sources/common/ftdivl.c estimated size: 275

user.c
		_InitApp       		CODE           	26E4	0000	199

user.c estimated size: 199

main.c
		_conversionADMues		CODE           	1E40	0000	429
		_main          		CODE           	0DD8	0000	1799
		_enviarTrama   		CODE           	2AB6	0000	121
		_enviarTramaSE 		CODE           	2DB6	0000	51
		_ledestado     		CODE           	2C78	0000	91

main.c estimated size: 2491

system.c
		_ConfigureOscillator		CODE           	2E76	0000	7

system.c estimated size: 7

/opt/microchip/xc8/v1.38/sources/common/fldivl.c
		__div_to_l_    		CODE           	25DC	0000	265

/opt/microchip/xc8/v1.38/sources/common/fldivl.c estimated size: 265

/opt/microchip/xc8/v1.38/sources/common/ftneg.c
		___ftneg       		CODE           	2E12	0000	43

/opt/microchip/xc8/v1.38/sources/common/ftneg.c estimated size: 43

